
 Start         Length Name               Class

  0001:0000    A83BH  _TEXT              CODE
  0002:0000    08AAH  ST_TEXT            CODE
  0002:08AA    085AH  BDISPLAY_TEXT      CODE
  0003:0000    1611H  CALC_TEXT          CODE
  0004:0000    1204H  CALENDAR_TEXT      CODE
  0005:0000    5C6BH  CFG_TEXT           CODE
  0006:0000    2728H  CONTROL_TEXT       CODE
  0007:0000    0000H  CSTR_TEXT          CODE
  0007:0000    3992H  CTRL_EV_TEXT       CODE
  0008:0000    1292H  CTRL_PR_TEXT       CODE
  0009:0000    0D73H  CT_PR_NR_TEXT      CODE
  000A:0000    2BF9H  CT_PR_SR_TEXT      CODE
  000B:0000    16AFH  CT_PR_ST_TEXT      CODE
  000B:16AF    05C9H  CT_UTIL_TEXT       CODE
  000C:0000    212FH  CTRL_RF_TEXT       CODE
  000D:0000    0561H  DB_ENG_TEXT        CODE
  000D:0561    13AFH  DB_VIEW_TEXT       CODE
  000D:1910    02BAH  DONGLE_TEXT        CODE
  000E:0000    5551H  DSTATIST_TEXT      CODE
  000F:0000    1B68H  DSTORAGE_TEXT      CODE
  0010:0000    0E3EH  D_EXT_ST_TEXT      CODE
  0010:0E3E    0485H  EEPROM_TEXT        CODE
  0010:12C3    016FH  FILEHDR_TEXT       CODE
  0011:0000    5C3AH  MB_EXT_TEXT        CODE
  0012:0000    0000H  INFO_TEXT          CODE
  0012:0000    06A4H  LOG_TEXT           CODE
  0013:0000    5260H  MB_CONF_TEXT       CODE
  0014:0000    0CACH  MB_SIMUL_TEXT      CODE
  0014:0CAC    0000H  MB_FILE_TEXT       CODE
  0014:0CAC    0242H  MB_HELP_TEXT       CODE
  0014:0EEE    10A7H  MB_INF_TEXT        CODE
  0015:0000    18F6H  MB_PRINT_TEXT      CODE
  0015:18F6    00C2H  MUTEX_TEXT         CODE
  0016:0000    0660H  PARSER_TEXT        CODE
  0016:0660    16D1H  PH_ENG_TEXT        CODE
  0017:0000    34F0H  PH_PLACE_TEXT      CODE
  0018:0000    0CE2H  PH_QUERY_TEXT      CODE
  0018:0CE2    0FD9H  PH_UTIL_TEXT       CODE
  0019:0000    05ABH  PH_TAR_TEXT        CODE
  0019:05AB    1987H  PLAIN_PR_TEXT      CODE
  001A:0000    03D5H  PRN_FMT_TEXT       CODE
  001A:03D5    0275H  RES_TEXT           CODE
  001A:064A    0778H  RT_ENG_TEXT        CODE
  001B:0000    18E8H  RT_DO_TEXT         CODE
  001C:0000    14FBH  RT_UTIL_TEXT       CODE
  001C:14FB    0232H  RT_ISR_TEXT        CODE
  001D:0000    093EH  RT_STORE_TEXT      CODE
  001D:093E    0471H  SERIAL_TEXT        CODE
  001D:0DAF    0000H  SID_TEXT           CODE
  001D:0DAF    084DH  SPOOLER_TEXT       CODE
  001D:15FC    0673H  SSAVER_TEXT        CODE
  001E:0000    0B9AH  STM2_TEXT          CODE
  001F:0000    1581H  ST_UTIL_TEXT       CODE
  001F:1581    06C4H  TB_CONF_TEXT       CODE
  0020:0000    1E36H  TB_MAN_TEXT        CODE
  0021:0000    097FH  TB_PRINT_TEXT      CODE
  0022:0000    26E6H  TB_SP_TEXT         CODE
  0023:0000    094DH  TB_TOOLS_TEXT      CODE
  0023:094D    0237H  TB_UTIL_TEXT       CODE
  0023:0B84    0114H  TRACEINF_TEXT      CODE
  0024:0000    34BBH  VIEW_TEXT          CODE
  0025:0000    09E5H  VIEW_EV_TEXT       CODE
  0025:09E5    0000H  VIEW_HB_TEXT       CODE
  0025:09E5    03F5H  W_PHONE_TEXT       CODE
  0025:0DDA    00C9H  W_SGROUP_TEXT      CODE
  0025:0EA3    0C26H  W_STATBR_TEXT      CODE
  0026:0000    2311H  W_TABLE_TEXT       CODE
  0027:0000    0202H  D_KEYBRD_TEXT      CODE
  0027:0202    0654H  D_MOUSE_TEXT       CODE
  0027:0856    037AH  D_CURSOR_TEXT      CODE
  0027:0BD0    095AH  D_BORDER_TEXT      CODE
  0028:0000    117BH  D_BUTTON_TEXT      CODE
  0028:117B    0904H  D_COMBO_TEXT       CODE
  0028:1A7F    0336H  D_GROUP_TEXT       CODE
  0029:0000    1049H  D_ICON_TEXT        CODE
  0029:1049    033DH  D_MIN_TEXT         CODE
  0029:1386    036EH  D_MAX_TEXT         CODE
  002A:0000    1557H  D_SCROLL_TEXT      CODE
  002B:0000    1930H  D_STRING_TEXT      CODE
  002C:0000    0B90H  D_SYS_TEXT         CODE
  002D:0000    2456H  D_TEXT_TEXT        CODE
  002E:0000    0321H  D_TITLE_TEXT       CODE
  002E:0321    03D9H  D_POPUP_TEXT       CODE
  002E:06FA    0945H  D_POPUP1_TEXT      CODE
  002E:103F    03AAH  D_PLLDN_TEXT       CODE
  002E:13E9    0350H  D_PLLDN1_TEXT      CODE
  002E:1739    0286H  D_PROMPT_TEXT      CODE
  002E:19BF    0461H  D_TBAR_TEXT        CODE
  002F:0000    0BE7H  D_VLIST_TEXT       CODE
  002F:0BE7    127BH  D_WIN_TEXT         CODE
  0030:0000    39A2H  D_WIN1_TEXT        CODE
  0031:0000    254EH  D_WIN2_TEXT        CODE
  0032:0000    055BH  D_ERROR_TEXT       CODE
  0032:055B    0232H  D_INTL_TEXT        CODE
  0032:078D    0783H  Z_LIST_TEXT        CODE
  0032:0F10    01D3H  Z_LIST1_TEXT       CODE
  0032:10E3    0559H  Z_INTL_TEXT        CODE
  0033:0000    0A71H  Z_DATE_TEXT        CODE
  0033:0A71    073AH  Z_TIME_TEXT        CODE
  0034:0000    134AH  Z_BNUM_TEXT        CODE
  0034:134A    0115H  Z_BNUM1_TEXT       CODE
  0034:145F    04A7H  Z_REGION_TEXT      CODE
  0034:1906    03A6H  Z_DSP_TEXT         CODE
  0034:1CAC    0300H  Z_PATH_TEXT        CODE
  0035:0000    426DH  Z_STORE_TEXT       CODE
  0036:0000    009EH  Z_DEVICE_TEXT      CODE
  0036:009E    009DH  Z_CURSOR_TEXT      CODE
  0036:013B    070AH  Z_EVENT_TEXT       CODE
  0036:0845    00F4H  Z_MAP1_TEXT        CODE
  0036:0939    00B9H  Z_MAP2_TEXT        CODE
  0036:09F2    024BH  Z_BORDER_TEXT      CODE
  0036:0C3D    10D0H  Z_BUTTON_TEXT      CODE
  0037:0000    0C01H  Z_COMBO_TEXT       CODE
  0037:0C01    0A7CH  Z_DATE1_TEXT       CODE
  0037:167D    04B8H  Z_GROUP_TEXT       CODE
  0038:0000    0D5AH  Z_ICON_TEXT        CODE
  0038:0D5A    0869H  Z_INT_TEXT         CODE
  0038:15C3    0259H  Z_MIN_TEXT         CODE
  0038:181C    022AH  Z_MAX_TEXT         CODE
  0039:0000    0A3FH  Z_BNUM2_TEXT       CODE
  0039:0A3F    075DH  Z_SCROLL_TEXT      CODE
  0039:119C    09D8H  Z_STRING_TEXT      CODE
  003A:0000    05A3H  Z_SYS_TEXT         CODE
  003A:05A3    095EH  Z_TEXT_TEXT        CODE
  003A:0F01    0A7CH  Z_TIME1_TEXT       CODE
  003A:197D    03C7H  Z_TITLE_TEXT       CODE
  003B:0000    0364H  Z_POPUP_TEXT       CODE
  003B:0364    0717H  Z_POPUP1_TEXT      CODE
  003B:0A7B    0415H  Z_PLLDN_TEXT       CODE
  003B:0E90    0552H  Z_PLLDN1_TEXT      CODE
  003B:13E2    058BH  Z_PROMPT_TEXT      CODE
  003B:196D    02A9H  Z_TBAR_TEXT        CODE
  003C:0000    0911H  Z_REAL_TEXT        CODE
  003C:0911    04CCH  Z_VLIST_TEXT       CODE
  003C:0DDD    0420H  Z_WIN_TEXT         CODE
  003D:0000    15AFH  Z_WIN1_TEXT        CODE
  003E:0000    1834H  Z_WIN2_TEXT        CODE
  003E:1834    0351H  Z_UTILS_TEXT       CODE
  003E:1B85    0057H  Z_ERROR_TEXT       CODE
  003F:0000    05AFH  Z_HELP_TEXT        CODE
  003F:05AF    0000H  G_BNUM_TEXT        CODE
  003F:05AF    0000H  G_BORDER_TEXT      CODE
  003F:05AF    0000H  G_DATE_TEXT        CODE
  003F:05AF    0000H  G_DATE1_TEXT       CODE
  003F:05AF    0000H  G_DEVICE_TEXT      CODE
  003F:05AF    0000H  G_DSP_TEXT         CODE
  003F:05AF    0000H  G_EVENT_TEXT       CODE
  003F:05AF    0000H  G_HOTKEY_TEXT      CODE
  003F:05AF    0000H  G_PERROR_TEXT      CODE
  003F:05AF    0000H  G_PHELP_TEXT       CODE
  003F:05AF    0000H  G_PNORM_TEXT       CODE
  003F:05AF    0000H  G_STORE_TEXT       CODE
  003F:05AF    0000H  G_TIME_TEXT        CODE
  003F:05AF    0000H  G_TIME1_TEXT       CODE
  003F:05AF    0000H  G_WIN2_TEXT        CODE
  003F:05AF    0000H  G_SYS_TEXT         CODE
  003F:05AF    0000H  G_INT_TEXT         CODE
  003F:05AF    0000H  G_REAL_TEXT        CODE
  003F:05AF    05E9H  I_BTCAT_TEXT       CODE
  003F:0B98    0036H  I_MAPFON_TEXT      CODE
  0040:0000    26CDH  D_GFXDSP_TEXT      CODE
  0041:0000    0006H  ISO_SMAL_TEXT      CODE
  0041:0006    0006H  ISO_DIAL_TEXT      CODE
  0041:000C    0006H  ISO_SYST_TEXT      CODE
  0042:0000    6D57H  GFX_TEXT           CODE
  0043:0000    21E3H  _EZ_TEXT           CODE
  0044:0000    27A7H  EMU_PROG           CODE
  0045:0000    05F8H  E87_PROG           CODE
  0045:05F8    00BEH  PATCH_TEXT         CODE
  0045:06B6    005EH  CTRLBRK_TEXT       CODE
  0045:0714    0101H  INT86_TEXT         CODE
  0045:0815    0056H  STRCHR_TEXT        CODE
  0045:086B    00AFH  DELAY_TEXT         CODE
  0045:091A    0F5EH  ABSTARRY_TEXT      CODE
  0045:1878    0108H  COLLECT_TEXT       CODE
  0045:1980    05FAH  CONTAIN_TEXT       CODE
  0046:0000    0194H  MEMMGR_TEXT        CODE
  0046:0194    01C7H  OBJECT_TEXT        CODE
  0046:035B    02F0H  STRNG_TEXT         CODE
  0047:0000    0000H  _FARDATA           FAR_DATA
  0047:0000    0202H  ISO_SMAL5_DATA     FAR_DATA
  0048:0000    0720H  ISO_SMAL6_DATA     FAR_DATA
  0049:0000    0202H  ISO_DIAL5_DATA     FAR_DATA
  004A:0000    08F0H  ISO_DIAL6_DATA     FAR_DATA
  004B:0000    0202H  ISO_SYST5_DATA     FAR_DATA
  004C:0000    0A50H  ISO_SYST6_DATA     FAR_DATA
  004D:0000    0000H  _FARBSS            FAR_BSS
  004D:0000    0000H  _OVERLAY_          OVRINFO
  004D:0000    0000H  _1STUB_            STUBSEG
  004D:0000    B771H  _DATA              DATA
  004D:B772    0004H  _CVTSEG            DATA
  004D:B776    000CH  _SCNSEG            DATA
  004D:B782    0000H  _CONST             CONST
  004D:B782    0054H  _INIT_             INITDATA
  004D:B7D6    0000H  _INITEND_          INITDATA
  004D:B7D6    0066H  _EXIT_             EXITDATA
  004D:B83C    0000H  _EXITEND_          EXITDATA
  004D:B83C    0E46H  _BSS               BSS
  004D:C682    0000H  _BSSEND            BSSEND
  004E:0000    2000H  _STACK             STACK


Detailed map of segments

 0001:0000 025B C=CODE   S=_TEXT          G=(none)  M=c0p.asm    ACBP=28
 0001:025B 0255 C=CODE   S=_TEXT          G=(none)  M=FPINIT     ACBP=28
 0001:04B0 0004 C=CODE   S=_TEXT          G=(none)  M=FPUINT     ACBP=48
 0001:04B4 0000 C=CODE   S=_TEXT          G=(none)  M=E87TRAP    ACBP=28
 0001:04B4 0000 C=CODE   S=_TEXT          G=(none)  M=PROTFLAG   ACBP=28
 0001:04B4 0000 C=CODE   S=_TEXT          G=(none)  M=DEFLT87    ACBP=28
 0001:04B4 0019 C=CODE   S=_TEXT          G=(none)  M=ATOF       ACBP=28
 0001:04CD 0000 C=CODE   S=_TEXT          G=(none)  M=HUGEVAL    ACBP=28
 0001:04CD 009A C=CODE   S=_TEXT          G=(none)  M=LDTRUNC    ACBP=28
 0001:0567 0000 C=CODE   S=_TEXT          G=(none)  M=MATHWHY    ACBP=28
 0001:0567 01BD C=CODE   S=_TEXT          G=(none)  M=REALCVT    ACBP=28
 0001:0724 002B C=CODE   S=_TEXT          G=(none)  M=ROUND      ACBP=28
 0001:074F 0395 C=CODE   S=_TEXT          G=(none)  M=SCANTOD    ACBP=28
 0001:0AE4 00D2 C=CODE   S=_TEXT          G=(none)  M=STRTOD     ACBP=28
 0001:0BB6 020C C=CODE   S=_TEXT          G=(none)  M=XCVT       ACBP=28
 0001:0DC2 00B1 C=CODE   S=_TEXT          G=(none)  M=FPERR      ACBP=28
 0001:0E73 00C9 C=CODE   S=_TEXT          G=(none)  M=_POW10     ACBP=28
 0001:0F3C 000B C=CODE   S=_TEXT          G=(none)  M=POW10D     ACBP=28
 0001:0F47 002A C=CODE   S=_TEXT          G=(none)  M=MATHERR    ACBP=28
 0001:0F71 001A C=CODE   S=_TEXT          G=(none)  M=FLOOR      ACBP=28
 0001:0F8B 01FC C=CODE   S=_TEXT          G=(none)  M=POW        ACBP=28
 0001:1187 00A9 C=CODE   S=_TEXT          G=(none)  M=_MATHERR   ACBP=28
 0001:1230 001A C=CODE   S=_TEXT          G=(none)  M=CEIL       ACBP=28
 0001:124A 002C C=CODE   S=_TEXT          G=(none)  M=FFTOL      ACBP=28
 0001:1276 002D C=CODE   S=_TEXT          G=(none)  M=ATEXIT     ACBP=28
 0001:12A3 0000 C=CODE   S=_TEXT          G=(none)  M=CTYPE      ACBP=28
 0001:12A3 0012 C=CODE   S=_TEXT          G=(none)  M=DEL        ACBP=28
 0001:12B5 003D C=CODE   S=_TEXT          G=(none)  M=DOSFATTR   ACBP=28
 0001:12F2 0036 C=CODE   S=_TEXT          G=(none)  M=DOSGDATE   ACBP=28
 0001:1328 0028 C=CODE   S=_TEXT          G=(none)  M=DOSGDRIV   ACBP=28
 0001:1350 0054 C=CODE   S=_TEXT          G=(none)  M=DOSSDATE   ACBP=28
 0001:13A4 00D6 C=CODE   S=_TEXT          G=(none)  M=DOSTIMU    ACBP=28
 0001:147A 006C C=CODE   S=_TEXT          G=(none)  M=DUP2       ACBP=28
 0001:14E6 0025 C=CODE   S=_TEXT          G=(none)  M=ERRORMSG   ACBP=28
 0001:150B 0093 C=CODE   S=_TEXT          G=(none)  M=EXIT       ACBP=28
 0001:159E 0000 C=CODE   S=_TEXT          G=(none)  M=FILES      ACBP=28
 0001:159E 0000 C=CODE   S=_TEXT          G=(none)  M=FILES2     ACBP=28
 0001:159E 0000 C=CODE   S=_TEXT          G=(none)  M=FMODE      ACBP=28
 0001:159E 0000 C=CODE   S=_TEXT          G=(none)  M=FPSTKLEN   ACBP=28
 0001:159E 0017 C=CODE   S=_TEXT          G=(none)  M=F_LXMUL    ACBP=28
 0001:15B5 001C C=CODE   S=_TEXT          G=(none)  M=F_SCOPY    ACBP=28
 0001:15D1 001D C=CODE   S=_TEXT          G=(none)  M=GETCURDI   ACBP=28
 0001:15EE 0026 C=CODE   S=_TEXT          G=(none)  M=GETDATE    ACBP=28
 0001:1614 0039 C=CODE   S=_TEXT          G=(none)  M=GETDISK    ACBP=28
 0001:164D 0020 C=CODE   S=_TEXT          G=(none)  M=GETVECT    ACBP=28
 0001:166D 00AE C=CODE   S=_TEXT          G=(none)  M=H_LDIV     ACBP=28
 0001:171B 0021 C=CODE   S=_TEXT          G=(none)  M=H_LLSH     ACBP=28
 0001:173C 0021 C=CODE   S=_TEXT          G=(none)  M=H_LURSH    ACBP=28
 0001:175D 0027 C=CODE   S=_TEXT          G=(none)  M=H_SPUSH    ACBP=28
 0001:1784 0011 C=CODE   S=_TEXT          G=(none)  M=ISATTY     ACBP=28
 0001:1795 0028 C=CODE   S=_TEXT          G=(none)  M=LABS       ACBP=28
 0001:17BD 00A2 C=CODE   S=_TEXT          G=(none)  M=LONGTOA    ACBP=28
 0001:185F 0029 C=CODE   S=_TEXT          G=(none)  M=LSEEK      ACBP=28
 0001:1888 0018 C=CODE   S=_TEXT          G=(none)  M=MKDIR      ACBP=28
 0001:18A0 00B6 C=CODE   S=_TEXT          G=(none)  M=MKNAME     ACBP=28
 0001:1956 006C C=CODE   S=_TEXT          G=(none)  M=NEW        ACBP=28
 0001:19C2 0051 C=CODE   S=_TEXT          G=(none)  M=NEWF       ACBP=28
 0001:1A13 0017 C=CODE   S=_TEXT          G=(none)  M=N_LXMUL    ACBP=28
 0001:1A2A 003C C=CODE   S=_TEXT          G=(none)  M=PUREERR    ACBP=28
 0001:1A66 002F C=CODE   S=_TEXT          G=(none)  M=READA      ACBP=28
 0001:1A95 04F4 C=CODE   S=_TEXT          G=(none)  M=SCANNER    ACBP=28
 0001:1F89 01CD C=CODE   S=_TEXT          G=(none)  M=SCANTOL    ACBP=28
 0001:2156 0020 C=CODE   S=_TEXT          G=(none)  M=SEGREAD    ACBP=28
 0001:2176 002A C=CODE   S=_TEXT          G=(none)  M=SETDATE    ACBP=28
 0001:21A0 00BA C=CODE   S=_TEXT          G=(none)  M=SETUPIO    ACBP=28
 0001:225A 0000 C=CODE   S=_TEXT          G=(none)  M=SIGDATA    ACBP=28
 0001:225A 0098 C=CODE   S=_TEXT          G=(none)  M=STIME      ACBP=28
 0001:22F2 0000 C=CODE   S=_TEXT          G=(none)  M=STKLEN     ACBP=28
 0001:22F2 001A C=CODE   S=_TEXT          G=(none)  M=TELL       ACBP=28
 0001:230C 002C C=CODE   S=_TEXT          G=(none)  M=TOLOWER    ACBP=28
 0001:2338 002C C=CODE   S=_TEXT          G=(none)  M=TOUPPER    ACBP=28
 0001:2364 0018 C=CODE   S=_TEXT          G=(none)  M=UNLINK     ACBP=28
 0001:237C 027D C=CODE   S=_TEXT          G=(none)  M=VDELF      ACBP=28
 0001:25F9 0298 C=CODE   S=_TEXT          G=(none)  M=VNEWF      ACBP=28
 0001:2891 04DB C=CODE   S=_TEXT          G=(none)  M=VPRINTER   ACBP=28
 0001:2D6C 009F C=CODE   S=_TEXT          G=(none)  M=VRAM       ACBP=28
 0001:2E0B 0000 C=CODE   S=_TEXT          G=(none)  M=WSCROLL    ACBP=28
 0001:2E0B 001A C=CODE   S=_TEXT          G=(none)  M=XCLOSE     ACBP=28
 0001:2E25 0034 C=CODE   S=_TEXT          G=(none)  M=_STPCPY    ACBP=28
 0001:2E59 0014 C=CODE   S=_TEXT          G=(none)  M=BIOSPRIN   ACBP=28
 0001:2E6D 014E C=CODE   S=_TEXT          G=(none)  M=CPRINTF    ACBP=28
 0001:2FBB 001F C=CODE   S=_TEXT          G=(none)  M=CVTFAK     ACBP=28
 0001:2FDA 005E C=CODE   S=_TEXT          G=(none)  M=GETCH      ACBP=28
 0001:3038 00AC C=CODE   S=_TEXT          G=(none)  M=GPTEXT     ACBP=28
 0001:30E4 0012 C=CODE   S=_TEXT          G=(none)  M=KBHIT      ACBP=28
 0001:30F6 009D C=CODE   S=_TEXT          G=(none)  M=MOVETEXT   ACBP=28
 0001:3193 0017 C=CODE   S=_TEXT          G=(none)  M=PUTCH      ACBP=28
 0001:31AA 0004 C=CODE   S=_TEXT          G=(none)  M=REALCVT    ACBP=28
 0001:31AE 000C C=CODE   S=_TEXT          G=(none)  M=SCANTOD    ACBP=28
 0001:31BA 01C7 C=CODE   S=_TEXT          G=(none)  M=SCREEN     ACBP=28
 0001:3381 018E C=CODE   S=_TEXT          G=(none)  M=SCROLL     ACBP=28
 0001:350F 0058 C=CODE   S=_TEXT          G=(none)  M=SETENVP    ACBP=28
 0001:3567 0033 C=CODE   S=_TEXT          G=(none)  M=SOUND      ACBP=28
 0001:359A 002C C=CODE   S=_TEXT          G=(none)  M=WHEREXY    ACBP=28
 0001:35C6 0037 C=CODE   S=_TEXT          G=(none)  M=ACCESS     ACBP=28
 0001:35FD 0086 C=CODE   S=_TEXT          G=(none)  M=ATOL       ACBP=28
 0001:3683 0074 C=CODE   S=_TEXT          G=(none)  M=BSEARCH    ACBP=28
 0001:36F7 004A C=CODE   S=_TEXT          G=(none)  M=CHMOD      ACBP=28
 0001:3741 001D C=CODE   S=_TEXT          G=(none)  M=CHMODA     ACBP=28
 0001:375E 0028 C=CODE   S=_TEXT          G=(none)  M=CLOSE      ACBP=28
 0001:3786 001E C=CODE   S=_TEXT          G=(none)  M=CLOSEA     ACBP=28
 0001:37A4 0090 C=CODE   S=_TEXT          G=(none)  M=CREAT      ACBP=28
 0001:3834 0077 C=CODE   S=_TEXT          G=(none)  M=EOF        ACBP=28
 0001:38AB 00B8 C=CODE   S=_TEXT          G=(none)  M=FCLOSE     ACBP=28
 0001:3963 00CD C=CODE   S=_TEXT          G=(none)  M=FFLUSH     ACBP=28
 0001:3A30 0042 C=CODE   S=_TEXT          G=(none)  M=FLUSHALL   ACBP=28
 0001:3A72 002B C=CODE   S=_TEXT          G=(none)  M=FNSPLIT    ACBP=28
 0001:3A9D 020C C=CODE   S=_TEXT          G=(none)  M=FOPEN      ACBP=28
 0001:3CA9 001C C=CODE   S=_TEXT          G=(none)  M=FPRINTF    ACBP=28
 0001:3CC5 01E2 C=CODE   S=_TEXT          G=(none)  M=FSEEK      ACBP=28
 0001:3EA7 025E C=CODE   S=_TEXT          G=(none)  M=FULLPATH   ACBP=28
 0001:4105 008E C=CODE   S=_TEXT          G=(none)  M=GETCWD     ACBP=28
 0001:4193 009F C=CODE   S=_TEXT          G=(none)  M=GETDCWD    ACBP=28
 0001:4232 0070 C=CODE   S=_TEXT          G=(none)  M=GETENV     ACBP=28
 0001:42A2 00B4 C=CODE   S=_TEXT          G=(none)  M=LSEARCH    ACBP=28
 0001:4356 0070 C=CODE   S=_TEXT          G=(none)  M=LTOA1      ACBP=28
 0001:43C6 0028 C=CODE   S=_TEXT          G=(none)  M=MEMCMP     ACBP=28
 0001:43EE 0024 C=CODE   S=_TEXT          G=(none)  M=MEMCPY     ACBP=28
 0001:4412 0043 C=CODE   S=_TEXT          G=(none)  M=MEMSET     ACBP=28
 0001:4455 0073 C=CODE   S=_TEXT          G=(none)  M=MOVMEM     ACBP=28
 0001:44C8 019C C=CODE   S=_TEXT          G=(none)  M=OPEN       ACBP=28
 0001:4664 004F C=CODE   S=_TEXT          G=(none)  M=OPENA      ACBP=28
 0001:46B3 0058 C=CODE   S=_TEXT          G=(none)  M=PERROR     ACBP=28
 0001:470B 001B C=CODE   S=_TEXT          G=(none)  M=PRINTF     ACBP=28
 0001:4726 03C8 C=CODE   S=_TEXT          G=(none)  M=PUTC       ACBP=28
 0001:4AEE 02DC C=CODE   S=_TEXT          G=(none)  M=QSORT      ACBP=28
 0001:4DCA 00D1 C=CODE   S=_TEXT          G=(none)  M=READ       ACBP=28
 0001:4E9B 0003 C=CODE   S=_TEXT          G=(none)  M=READU      ACBP=28
 0001:4E9E 001D C=CODE   S=_TEXT          G=(none)  M=RENAME     ACBP=28
 0001:4EBB 011D C=CODE   S=_TEXT          G=(none)  M=SETVBUF    ACBP=28
 0001:4FD8 02D9 C=CODE   S=_TEXT          G=(none)  M=SPLITPTH   ACBP=28
 0001:52B1 0083 C=CODE   S=_TEXT          G=(none)  M=SPRINTF    ACBP=28
 0001:5334 007A C=CODE   S=_TEXT          G=(none)  M=SSCANF     ACBP=28
 0001:53AE 01A2 C=CODE   S=_TEXT          G=(none)  M=STAT       ACBP=28
 0001:5550 003F C=CODE   S=_TEXT          G=(none)  M=STRCAT     ACBP=28
 0001:558F 0030 C=CODE   S=_TEXT          G=(none)  M=STRCMP     ACBP=28
 0001:55BF 0029 C=CODE   S=_TEXT          G=(none)  M=STRCPY     ACBP=28
 0001:55E8 0041 C=CODE   S=_TEXT          G=(none)  M=STRICMP    ACBP=28
 0001:5629 001F C=CODE   S=_TEXT          G=(none)  M=STRLEN     ACBP=28
 0001:5648 0024 C=CODE   S=_TEXT          G=(none)  M=STRLWR     ACBP=28
 0001:566C 0038 C=CODE   S=_TEXT          G=(none)  M=STRNCMP    ACBP=28
 0001:56A4 0031 C=CODE   S=_TEXT          G=(none)  M=STRNCPY    ACBP=28
 0001:56D5 004C C=CODE   S=_TEXT          G=(none)  M=STRPBRK    ACBP=28
 0001:5721 0049 C=CODE   S=_TEXT          G=(none)  M=STRRCHR    ACBP=28
 0001:576A 0034 C=CODE   S=_TEXT          G=(none)  M=STRREV     ACBP=28
 0001:579E 006E C=CODE   S=_TEXT          G=(none)  M=STRSTR     ACBP=28
 0001:580C 0024 C=CODE   S=_TEXT          G=(none)  M=STRUPR     ACBP=28
 0001:5830 001F C=CODE   S=_TEXT          G=(none)  M=SWAB       ACBP=28
 0001:584F 032E C=CODE   S=_TEXT          G=(none)  M=TIMECVT    ACBP=28
 0001:5B7D 0049 C=CODE   S=_TEXT          G=(none)  M=TMPFILE    ACBP=28
 0001:5BC6 0013 C=CODE   S=_TEXT          G=(none)  M=TMPNAM     ACBP=28
 0001:5BD9 02CD C=CODE   S=_TEXT          G=(none)  M=TZSET      ACBP=28
 0001:5EA6 0151 C=CODE   S=_TEXT          G=(none)  M=WRITE      ACBP=28
 0001:5FF7 003C C=CODE   S=_TEXT          G=(none)  M=WRITEA     ACBP=28
 0001:6033 0003 C=CODE   S=_TEXT          G=(none)  M=WRITEU     ACBP=28
 0001:6036 003D C=CODE   S=_TEXT          G=(none)  M=XFCLOSE    ACBP=28
 0001:6073 0038 C=CODE   S=_TEXT          G=(none)  M=XFFLUSH    ACBP=28
 0001:60AB 028A C=CODE   S=_TEXT          G=(none)  M=IOSTSTD    ACBP=28
 0001:6335 0029 C=CODE   S=_TEXT          G=(none)  M=OSTENDL    ACBP=28
 0001:635E 001C C=CODE   S=_TEXT          G=(none)  M=OSTENDS    ACBP=28
 0001:637A 00A6 C=CODE   S=_TEXT          G=(none)  M=FSBCLOSE   ACBP=28
 0001:6420 00DF C=CODE   S=_TEXT          G=(none)  M=FSBCTR1    ACBP=28
 0001:64FF 00E0 C=CODE   S=_TEXT          G=(none)  M=FSBCTR2    ACBP=28
 0001:65DF 0068 C=CODE   S=_TEXT          G=(none)  M=FSBDTR     ACBP=28
 0001:6647 0151 C=CODE   S=_TEXT          G=(none)  M=FSBOFLOW   ACBP=28
 0001:6798 0161 C=CODE   S=_TEXT          G=(none)  M=FSBOPEN    ACBP=28
 0001:68F9 00BC C=CODE   S=_TEXT          G=(none)  M=FSBSBUF    ACBP=28
 0001:69B5 01B5 C=CODE   S=_TEXT          G=(none)  M=FSBSKOFF   ACBP=28
 0001:6B6A 019A C=CODE   S=_TEXT          G=(none)  M=FSBSYNC    ACBP=28
 0001:6D04 01B6 C=CODE   S=_TEXT          G=(none)  M=FSBUFLOW   ACBP=28
 0001:6EBA 003E C=CODE   S=_TEXT          G=(none)  M=FSCLOSE    ACBP=28
 0001:6EF8 00AE C=CODE   S=_TEXT          G=(none)  M=FSCTR2     ACBP=28
 0001:6FA6 0073 C=CODE   S=_TEXT          G=(none)  M=FSDTR      ACBP=28
 0001:7019 0066 C=CODE   S=_TEXT          G=(none)  M=FSOPEN     ACBP=28
 0001:707F 0164 C=CODE   S=_TEXT          G=(none)  M=IFSCTR2    ACBP=28
 0001:71E3 0095 C=CODE   S=_TEXT          G=(none)  M=IFSDTR     ACBP=28
 0001:7278 018E C=CODE   S=_TEXT          G=(none)  M=IOFSCTR2   ACBP=28
 0001:7406 00A7 C=CODE   S=_TEXT          G=(none)  M=IOFSDTR    ACBP=28
 0001:74AD 00D7 C=CODE   S=_TEXT          G=(none)  M=IOSRCTR1   ACBP=28
 0001:7584 00A7 C=CODE   S=_TEXT          G=(none)  M=IOSRDTR    ACBP=28
 0001:762B 00C6 C=CODE   S=_TEXT          G=(none)  M=IOSTCTR1   ACBP=28
 0001:76F1 00AE C=CODE   S=_TEXT          G=(none)  M=IOSTCTR2   ACBP=28
 0001:779F 0095 C=CODE   S=_TEXT          G=(none)  M=IOSTDTR1   ACBP=28
 0001:7834 0020 C=CODE   S=_TEXT          G=(none)  M=ISTASN2    ACBP=28
 0001:7854 0073 C=CODE   S=_TEXT          G=(none)  M=ISTCTR1    ACBP=28
 0001:78C7 007C C=CODE   S=_TEXT          G=(none)  M=ISTCTR4    ACBP=28
 0001:7943 00BB C=CODE   S=_TEXT          G=(none)  M=ISTDIPFX   ACBP=28
 0001:79FE 005D C=CODE   S=_TEXT          G=(none)  M=ISTDTR1    ACBP=28
 0001:7A5B 006E C=CODE   S=_TEXT          G=(none)  M=ISTDTR2    ACBP=28
 0001:7AC9 00CE C=CODE   S=_TEXT          G=(none)  M=ISTEATWH   ACBP=28
 0001:7B97 0137 C=CODE   S=_TEXT          G=(none)  M=ISTGLINE   ACBP=28
 0001:7CCE 0139 C=CODE   S=_TEXT          G=(none)  M=ISTGSTR    ACBP=28
 0001:7E07 010A C=CODE   S=_TEXT          G=(none)  M=ISTREAD    ACBP=28
 0001:7F11 0055 C=CODE   S=_TEXT          G=(none)  M=ISTSKPOS   ACBP=28
 0001:7F66 0095 C=CODE   S=_TEXT          G=(none)  M=MNSETFLG   ACBP=28
 0001:7FFB 0086 C=CODE   S=_TEXT          G=(none)  M=MNSETW     ACBP=28
 0001:8081 0164 C=CODE   S=_TEXT          G=(none)  M=OFSCTR2    ACBP=28
 0001:81E5 0095 C=CODE   S=_TEXT          G=(none)  M=OFSDTR     ACBP=28
 0001:827A 00B8 C=CODE   S=_TEXT          G=(none)  M=OSRCTR2    ACBP=28
 0001:8332 0095 C=CODE   S=_TEXT          G=(none)  M=OSRDTR     ACBP=28
 0001:83C7 0020 C=CODE   S=_TEXT          G=(none)  M=OSTASN2    ACBP=28
 0001:83E7 006A C=CODE   S=_TEXT          G=(none)  M=OSTCTR1    ACBP=28
 0001:8451 007F C=CODE   S=_TEXT          G=(none)  M=OSTCTR2    ACBP=28
 0001:84D0 007C C=CODE   S=_TEXT          G=(none)  M=OSTCTR3    ACBP=28
 0001:854C 006A C=CODE   S=_TEXT          G=(none)  M=OSTDTR1    ACBP=28
 0001:85B6 006E C=CODE   S=_TEXT          G=(none)  M=OSTDTR2    ACBP=28
 0001:8624 003D C=CODE   S=_TEXT          G=(none)  M=OSTFLUSH   ACBP=28
 0001:8661 038E C=CODE   S=_TEXT          G=(none)  M=OSTINT     ACBP=28
 0001:89EF 0238 C=CODE   S=_TEXT          G=(none)  M=OSTISCHR   ACBP=28
 0001:8C27 0033 C=CODE   S=_TEXT          G=(none)  M=OSTOPFX    ACBP=28
 0001:8C5A 0056 C=CODE   S=_TEXT          G=(none)  M=OSTOSFX    ACBP=28
 0001:8CB0 031A C=CODE   S=_TEXT          G=(none)  M=OSTOUTST   ACBP=28
 0001:8FCA 004C C=CODE   S=_TEXT          G=(none)  M=OSTWRITE   ACBP=28
 0001:9016 0060 C=CODE   S=_TEXT          G=(none)  M=SRBCTR1    ACBP=28
 0001:9076 0086 C=CODE   S=_TEXT          G=(none)  M=SRBDALC    ACBP=28
 0001:90FC 0074 C=CODE   S=_TEXT          G=(none)  M=SRBDTR     ACBP=28
 0001:9170 0025 C=CODE   S=_TEXT          G=(none)  M=SRBFREEZ   ACBP=28
 0001:9195 0200 C=CODE   S=_TEXT          G=(none)  M=SRBOFLOW   ACBP=28
 0001:9395 0028 C=CODE   S=_TEXT          G=(none)  M=SRBSBUF    ACBP=28
 0001:93BD 026C C=CODE   S=_TEXT          G=(none)  M=SRBSKOFF   ACBP=28
 0001:9629 0022 C=CODE   S=_TEXT          G=(none)  M=SRBSTR     ACBP=28
 0001:964B 0007 C=CODE   S=_TEXT          G=(none)  M=SRBSYNC    ACBP=28
 0001:9652 00A5 C=CODE   S=_TEXT          G=(none)  M=SRBUFLOW   ACBP=28
 0001:96F7 0094 C=CODE   S=_TEXT          G=(none)  M=SRCTR2     ACBP=28
 0001:978B 0073 C=CODE   S=_TEXT          G=(none)  M=SRDTR      ACBP=28
 0001:97FE 004A C=CODE   S=_TEXT          G=(none)  M=STBALC     ACBP=28
 0001:9848 009B C=CODE   S=_TEXT          G=(none)  M=STBCTR1    ACBP=28
 0001:98E3 00AF C=CODE   S=_TEXT          G=(none)  M=STBDSGTN   ACBP=28
 0001:9992 00A1 C=CODE   S=_TEXT          G=(none)  M=STBDSPTN   ACBP=28
 0001:9A33 0043 C=CODE   S=_TEXT          G=(none)  M=STBDTR     ACBP=28
 0001:9A76 0008 C=CODE   S=_TEXT          G=(none)  M=STBOFLOW   ACBP=28
 0001:9A7E 0008 C=CODE   S=_TEXT          G=(none)  M=STBPBFL    ACBP=28
 0001:9A86 002C C=CODE   S=_TEXT          G=(none)  M=STBSBUF    ACBP=28
 0001:9AB2 00AF C=CODE   S=_TEXT          G=(none)  M=STBSETB    ACBP=28
 0001:9B61 006A C=CODE   S=_TEXT          G=(none)  M=STBSETG    ACBP=28
 0001:9BCB 004C C=CODE   S=_TEXT          G=(none)  M=STBSETP    ACBP=28
 0001:9C17 000B C=CODE   S=_TEXT          G=(none)  M=STBSKOFF   ACBP=28
 0001:9C22 0023 C=CODE   S=_TEXT          G=(none)  M=STBSKPOS   ACBP=28
 0001:9C45 0075 C=CODE   S=_TEXT          G=(none)  M=STBSPUTN   ACBP=28
 0001:9CBA 004C C=CODE   S=_TEXT          G=(none)  M=STBSYNC    ACBP=28
 0001:9D06 0033 C=CODE   S=_TEXT          G=(none)  M=STBUFLOW   ACBP=28
 0001:9D39 003A C=CODE   S=_TEXT          G=(none)  M=STCLEAR    ACBP=28
 0001:9D73 003B C=CODE   S=_TEXT          G=(none)  M=STCTR1     ACBP=28
 0001:9DAE 0046 C=CODE   S=_TEXT          G=(none)  M=STDTR      ACBP=28
 0001:9DF4 0054 C=CODE   S=_TEXT          G=(none)  M=STINIT     ACBP=28
 0001:9E48 00C4 C=CODE   S=_TEXT          G=(none)  M=STSETF1    ACBP=28
 0001:9F0C 0026 C=CODE   S=_TEXT          G=(none)  M=STSETST    ACBP=28
 0001:9F32 006A C=CODE   S=_TEXT          G=(none)  M=STTIE      ACBP=28
 0001:9F9C 011A C=CODE   S=_TEXT          G=(none)  M=SETARGV    ACBP=28
 0001:A0B6 022C C=CODE   S=_TEXT          G=(none)  M=SEGHEAP    ACBP=28
 0001:A2E2 02A9 C=CODE   S=_TEXT          G=(none)  M=FARHEAP    ACBP=28
 0001:A58B 01FE C=CODE   S=_TEXT          G=(none)  M=CRTINIT    ACBP=28
 0001:A789 004B C=CODE   S=_TEXT          G=(none)  M=IOCTL      ACBP=28
 0001:A7D4 000E C=CODE   S=_TEXT          G=(none)  M=PCMP       ACBP=28
 0001:A7E2 0059 C=CODE   S=_TEXT          G=(none)  M=IOERROR    ACBP=28
 0002:0000 08AA C=CODE   S=ST_TEXT        G=(none)  M=source\st.cpp ACBP=28
 0002:08AA 085A C=CODE   S=BDISPLAY_TEXT  G=(none)  M=source\bdisplay.cpp ACBP=28
 0003:0000 1611 C=CODE   S=CALC_TEXT      G=(none)  M=source\calc.cpp ACBP=28
 0004:0000 1204 C=CODE   S=CALENDAR_TEXT  G=(none)  M=source\calendar.cpp ACBP=28
 0005:0000 5C6B C=CODE   S=CFG_TEXT       G=(none)  M=source\cfg.cpp ACBP=28
 0006:0000 2728 C=CODE   S=CONTROL_TEXT   G=(none)  M=source\control.cpp ACBP=28
 0007:0000 0000 C=CODE   S=CSTR_TEXT      G=(none)  M=source\cstr.cpp ACBP=28
 0007:0000 3992 C=CODE   S=CTRL_EV_TEXT   G=(none)  M=source\ctrl_ev.cpp ACBP=28
 0008:0000 1292 C=CODE   S=CTRL_PR_TEXT   G=(none)  M=source\ctrl_pr.cpp ACBP=28
 0009:0000 0D73 C=CODE   S=CT_PR_NR_TEXT  G=(none)  M=source\ct_pr_nr.cpp ACBP=28
 000A:0000 2BF9 C=CODE   S=CT_PR_SR_TEXT  G=(none)  M=source\ct_pr_sr.cpp ACBP=28
 000B:0000 16AF C=CODE   S=CT_PR_ST_TEXT  G=(none)  M=source\ct_pr_st.cpp ACBP=28
 000B:16AF 05C9 C=CODE   S=CT_UTIL_TEXT   G=(none)  M=source\ct_util.cpp ACBP=28
 000C:0000 212F C=CODE   S=CTRL_RF_TEXT   G=(none)  M=source\ctrl_rf.cpp ACBP=28
 000D:0000 0561 C=CODE   S=DB_ENG_TEXT    G=(none)  M=source\db_eng.cpp ACBP=28
 000D:0561 13AF C=CODE   S=DB_VIEW_TEXT   G=(none)  M=source\db_view.cpp ACBP=28
 000D:1910 02BA C=CODE   S=DONGLE_TEXT    G=(none)  M=source\dongle.cpp ACBP=28
 000E:0000 5551 C=CODE   S=DSTATIST_TEXT  G=(none)  M=source\dstatist.cpp ACBP=28
 000F:0000 1B68 C=CODE   S=DSTORAGE_TEXT  G=(none)  M=source\dstorage.cpp ACBP=28
 0010:0000 0E3E C=CODE   S=D_EXT_ST_TEXT  G=(none)  M=source\d_ext_st.cpp ACBP=28
 0010:0E3E 0485 C=CODE   S=EEPROM_TEXT    G=(none)  M=source\eeprom.cpp ACBP=28
 0010:12C3 016F C=CODE   S=FILEHDR_TEXT   G=(none)  M=source\filehdr.cpp ACBP=28
 0011:0000 5C3A C=CODE   S=MB_EXT_TEXT    G=(none)  M=source\mb_ext.cpp ACBP=28
 0012:0000 0000 C=CODE   S=INFO_TEXT      G=(none)  M=source\info.cpp ACBP=28
 0012:0000 06A4 C=CODE   S=LOG_TEXT       G=(none)  M=source\log.cpp ACBP=28
 0013:0000 5260 C=CODE   S=MB_CONF_TEXT   G=(none)  M=source\mb_conf.cpp ACBP=28
 0014:0000 0CAC C=CODE   S=MB_SIMUL_TEXT  G=(none)  M=source\mb_simul.cpp ACBP=28
 0014:0CAC 0000 C=CODE   S=MB_FILE_TEXT   G=(none)  M=source\mb_file.cpp ACBP=28
 0014:0CAC 0242 C=CODE   S=MB_HELP_TEXT   G=(none)  M=source\mb_help.cpp ACBP=28
 0014:0EEE 10A7 C=CODE   S=MB_INF_TEXT    G=(none)  M=source\mb_inf.cpp ACBP=28
 0015:0000 18F6 C=CODE   S=MB_PRINT_TEXT  G=(none)  M=source\mb_print.cpp ACBP=28
 0015:18F6 00C2 C=CODE   S=MUTEX_TEXT     G=(none)  M=source\mutex.cpp ACBP=28
 0016:0000 0660 C=CODE   S=PARSER_TEXT    G=(none)  M=source\parser.cpp ACBP=28
 0016:0660 16D1 C=CODE   S=PH_ENG_TEXT    G=(none)  M=source\ph_eng.cpp ACBP=28
 0017:0000 34F0 C=CODE   S=PH_PLACE_TEXT  G=(none)  M=source\ph_place.cpp ACBP=28
 0018:0000 0CE2 C=CODE   S=PH_QUERY_TEXT  G=(none)  M=source\ph_query.cpp ACBP=28
 0018:0CE2 0FD9 C=CODE   S=PH_UTIL_TEXT   G=(none)  M=source\ph_util.cpp ACBP=28
 0019:0000 05AB C=CODE   S=PH_TAR_TEXT    G=(none)  M=source\ph_tar.cpp ACBP=28
 0019:05AB 1987 C=CODE   S=PLAIN_PR_TEXT  G=(none)  M=source\plain_pr.cpp ACBP=28
 001A:0000 03D5 C=CODE   S=PRN_FMT_TEXT   G=(none)  M=source\prn_fmt.cpp ACBP=28
 001A:03D5 0275 C=CODE   S=RES_TEXT       G=(none)  M=source\res.cpp ACBP=28
 001A:064A 0778 C=CODE   S=RT_ENG_TEXT    G=(none)  M=source\rt_eng.cpp ACBP=28
 001B:0000 18E8 C=CODE   S=RT_DO_TEXT     G=(none)  M=source\rt_do.cpp ACBP=28
 001C:0000 14FB C=CODE   S=RT_UTIL_TEXT   G=(none)  M=source\rt_util.cpp ACBP=28
 001C:14FB 0232 C=CODE   S=RT_ISR_TEXT    G=(none)  M=source\rt_isr.cpp ACBP=28
 001D:0000 093E C=CODE   S=RT_STORE_TEXT  G=(none)  M=source\rt_store.cpp ACBP=28
 001D:093E 0471 C=CODE   S=SERIAL_TEXT    G=(none)  M=source\serial.cpp ACBP=28
 001D:0DAF 0000 C=CODE   S=SID_TEXT       G=(none)  M=source\sid.cpp ACBP=28
 001D:0DAF 084D C=CODE   S=SPOOLER_TEXT   G=(none)  M=source\spooler.cpp ACBP=28
 001D:15FC 0673 C=CODE   S=SSAVER_TEXT    G=(none)  M=source\ssaver.cpp ACBP=28
 001E:0000 0B9A C=CODE   S=STM2_TEXT      G=(none)  M=source\stm2.cpp ACBP=28
 001F:0000 1581 C=CODE   S=ST_UTIL_TEXT   G=(none)  M=source\st_util.cpp ACBP=28
 001F:1581 06C4 C=CODE   S=TB_CONF_TEXT   G=(none)  M=source\tb_conf.cpp ACBP=28
 0020:0000 1E36 C=CODE   S=TB_MAN_TEXT    G=(none)  M=source\tb_man.cpp ACBP=28
 0021:0000 097F C=CODE   S=TB_PRINT_TEXT  G=(none)  M=source\tb_print.cpp ACBP=28
 0022:0000 26E6 C=CODE   S=TB_SP_TEXT     G=(none)  M=source\tb_sp.cpp ACBP=28
 0023:0000 094D C=CODE   S=TB_TOOLS_TEXT  G=(none)  M=source\tb_tools.cpp ACBP=28
 0023:094D 0237 C=CODE   S=TB_UTIL_TEXT   G=(none)  M=source\tb_util.cpp ACBP=28
 0023:0B84 0114 C=CODE   S=TRACEINF_TEXT  G=(none)  M=source\traceinf.cpp ACBP=28
 0024:0000 34BB C=CODE   S=VIEW_TEXT      G=(none)  M=source\view.cpp ACBP=28
 0025:0000 09E5 C=CODE   S=VIEW_EV_TEXT   G=(none)  M=source\view_ev.cpp ACBP=28
 0025:09E5 0000 C=CODE   S=VIEW_HB_TEXT   G=(none)  M=source\view_hb.cpp ACBP=28
 0025:09E5 03F5 C=CODE   S=W_PHONE_TEXT   G=(none)  M=source\w_phone.cpp ACBP=28
 0025:0DDA 00C9 C=CODE   S=W_SGROUP_TEXT  G=(none)  M=source\w_sgroup.cpp ACBP=28
 0025:0EA3 0C26 C=CODE   S=W_STATBR_TEXT  G=(none)  M=source\w_statbr.cpp ACBP=28
 0026:0000 2311 C=CODE   S=W_TABLE_TEXT   G=(none)  M=source\w_table.cpp ACBP=28
 0027:0000 0202 C=CODE   S=D_KEYBRD_TEXT  G=(none)  M=D_KEYBRD   ACBP=28
 0027:0202 0654 C=CODE   S=D_MOUSE_TEXT   G=(none)  M=D_MOUSE    ACBP=28
 0027:0856 037A C=CODE   S=D_CURSOR_TEXT  G=(none)  M=D_CURSOR   ACBP=28
 0027:0BD0 095A C=CODE   S=D_BORDER_TEXT  G=(none)  M=D_BORDER   ACBP=28
 0028:0000 117B C=CODE   S=D_BUTTON_TEXT  G=(none)  M=D_BUTTON   ACBP=28
 0028:117B 0904 C=CODE   S=D_COMBO_TEXT   G=(none)  M=D_COMBO    ACBP=28
 0028:1A7F 0336 C=CODE   S=D_GROUP_TEXT   G=(none)  M=D_GROUP    ACBP=28
 0029:0000 1049 C=CODE   S=D_ICON_TEXT    G=(none)  M=D_ICON     ACBP=28
 0029:1049 033D C=CODE   S=D_MIN_TEXT     G=(none)  M=D_MIN      ACBP=28
 0029:1386 036E C=CODE   S=D_MAX_TEXT     G=(none)  M=D_MAX      ACBP=28
 002A:0000 1557 C=CODE   S=D_SCROLL_TEXT  G=(none)  M=D_SCROLL   ACBP=28
 002B:0000 1930 C=CODE   S=D_STRING_TEXT  G=(none)  M=D_STRING   ACBP=28
 002C:0000 0B90 C=CODE   S=D_SYS_TEXT     G=(none)  M=D_SYS      ACBP=28
 002D:0000 2456 C=CODE   S=D_TEXT_TEXT    G=(none)  M=D_TEXT     ACBP=28
 002E:0000 0321 C=CODE   S=D_TITLE_TEXT   G=(none)  M=D_TITLE    ACBP=28
 002E:0321 03D9 C=CODE   S=D_POPUP_TEXT   G=(none)  M=D_POPUP    ACBP=28
 002E:06FA 0945 C=CODE   S=D_POPUP1_TEXT  G=(none)  M=D_POPUP1   ACBP=28
 002E:103F 03AA C=CODE   S=D_PLLDN_TEXT   G=(none)  M=D_PLLDN    ACBP=28
 002E:13E9 0350 C=CODE   S=D_PLLDN1_TEXT  G=(none)  M=D_PLLDN1   ACBP=28
 002E:1739 0286 C=CODE   S=D_PROMPT_TEXT  G=(none)  M=D_PROMPT   ACBP=28
 002E:19BF 0461 C=CODE   S=D_TBAR_TEXT    G=(none)  M=D_TBAR     ACBP=28
 002F:0000 0BE7 C=CODE   S=D_VLIST_TEXT   G=(none)  M=D_VLIST    ACBP=28
 002F:0BE7 127B C=CODE   S=D_WIN_TEXT     G=(none)  M=D_WIN      ACBP=28
 0030:0000 39A2 C=CODE   S=D_WIN1_TEXT    G=(none)  M=D_WIN1     ACBP=28
 0031:0000 254E C=CODE   S=D_WIN2_TEXT    G=(none)  M=D_WIN2     ACBP=28
 0032:0000 055B C=CODE   S=D_ERROR_TEXT   G=(none)  M=D_ERROR    ACBP=28
 0032:055B 0232 C=CODE   S=D_INTL_TEXT    G=(none)  M=D_INTL     ACBP=28
 0032:078D 0783 C=CODE   S=Z_LIST_TEXT    G=(none)  M=Z_LIST     ACBP=28
 0032:0F10 01D3 C=CODE   S=Z_LIST1_TEXT   G=(none)  M=Z_LIST1    ACBP=28
 0032:10E3 0559 C=CODE   S=Z_INTL_TEXT    G=(none)  M=Z_INTL     ACBP=28
 0033:0000 0A71 C=CODE   S=Z_DATE_TEXT    G=(none)  M=Z_DATE     ACBP=28
 0033:0A71 073A C=CODE   S=Z_TIME_TEXT    G=(none)  M=Z_TIME     ACBP=28
 0034:0000 134A C=CODE   S=Z_BNUM_TEXT    G=(none)  M=Z_BNUM     ACBP=28
 0034:134A 0115 C=CODE   S=Z_BNUM1_TEXT   G=(none)  M=Z_BNUM1    ACBP=28
 0034:145F 04A7 C=CODE   S=Z_REGION_TEXT  G=(none)  M=Z_REGION   ACBP=28
 0034:1906 03A6 C=CODE   S=Z_DSP_TEXT     G=(none)  M=Z_DSP      ACBP=28
 0034:1CAC 0300 C=CODE   S=Z_PATH_TEXT    G=(none)  M=Z_PATH     ACBP=28
 0035:0000 426D C=CODE   S=Z_STORE_TEXT   G=(none)  M=Z_STORE    ACBP=28
 0036:0000 009E C=CODE   S=Z_DEVICE_TEXT  G=(none)  M=Z_DEVICE   ACBP=28
 0036:009E 009D C=CODE   S=Z_CURSOR_TEXT  G=(none)  M=Z_CURSOR   ACBP=28
 0036:013B 070A C=CODE   S=Z_EVENT_TEXT   G=(none)  M=Z_EVENT    ACBP=28
 0036:0845 00F4 C=CODE   S=Z_MAP1_TEXT    G=(none)  M=Z_MAP1     ACBP=28
 0036:0939 00B9 C=CODE   S=Z_MAP2_TEXT    G=(none)  M=Z_MAP2     ACBP=28
 0036:09F2 024B C=CODE   S=Z_BORDER_TEXT  G=(none)  M=Z_BORDER   ACBP=28
 0036:0C3D 10D0 C=CODE   S=Z_BUTTON_TEXT  G=(none)  M=Z_BUTTON   ACBP=28
 0037:0000 0C01 C=CODE   S=Z_COMBO_TEXT   G=(none)  M=Z_COMBO    ACBP=28
 0037:0C01 0A7C C=CODE   S=Z_DATE1_TEXT   G=(none)  M=Z_DATE1    ACBP=28
 0037:167D 04B8 C=CODE   S=Z_GROUP_TEXT   G=(none)  M=Z_GROUP    ACBP=28
 0038:0000 0D5A C=CODE   S=Z_ICON_TEXT    G=(none)  M=Z_ICON     ACBP=28
 0038:0D5A 0869 C=CODE   S=Z_INT_TEXT     G=(none)  M=Z_INT      ACBP=28
 0038:15C3 0259 C=CODE   S=Z_MIN_TEXT     G=(none)  M=Z_MIN      ACBP=28
 0038:181C 022A C=CODE   S=Z_MAX_TEXT     G=(none)  M=Z_MAX      ACBP=28
 0039:0000 0A3F C=CODE   S=Z_BNUM2_TEXT   G=(none)  M=Z_BNUM2    ACBP=28
 0039:0A3F 075D C=CODE   S=Z_SCROLL_TEXT  G=(none)  M=Z_SCROLL   ACBP=28
 0039:119C 09D8 C=CODE   S=Z_STRING_TEXT  G=(none)  M=Z_STRING   ACBP=28
 003A:0000 05A3 C=CODE   S=Z_SYS_TEXT     G=(none)  M=Z_SYS      ACBP=28
 003A:05A3 095E C=CODE   S=Z_TEXT_TEXT    G=(none)  M=Z_TEXT     ACBP=28
 003A:0F01 0A7C C=CODE   S=Z_TIME1_TEXT   G=(none)  M=Z_TIME1    ACBP=28
 003A:197D 03C7 C=CODE   S=Z_TITLE_TEXT   G=(none)  M=Z_TITLE    ACBP=28
 003B:0000 0364 C=CODE   S=Z_POPUP_TEXT   G=(none)  M=Z_POPUP    ACBP=28
 003B:0364 0717 C=CODE   S=Z_POPUP1_TEXT  G=(none)  M=Z_POPUP1   ACBP=28
 003B:0A7B 0415 C=CODE   S=Z_PLLDN_TEXT   G=(none)  M=Z_PLLDN    ACBP=28
 003B:0E90 0552 C=CODE   S=Z_PLLDN1_TEXT  G=(none)  M=Z_PLLDN1   ACBP=28
 003B:13E2 058B C=CODE   S=Z_PROMPT_TEXT  G=(none)  M=Z_PROMPT   ACBP=28
 003B:196D 02A9 C=CODE   S=Z_TBAR_TEXT    G=(none)  M=Z_TBAR     ACBP=28
 003C:0000 0911 C=CODE   S=Z_REAL_TEXT    G=(none)  M=Z_REAL     ACBP=28
 003C:0911 04CC C=CODE   S=Z_VLIST_TEXT   G=(none)  M=Z_VLIST    ACBP=28
 003C:0DDD 0420 C=CODE   S=Z_WIN_TEXT     G=(none)  M=Z_WIN      ACBP=28
 003D:0000 15AF C=CODE   S=Z_WIN1_TEXT    G=(none)  M=Z_WIN1     ACBP=28
 003E:0000 1834 C=CODE   S=Z_WIN2_TEXT    G=(none)  M=Z_WIN2     ACBP=28
 003E:1834 0351 C=CODE   S=Z_UTILS_TEXT   G=(none)  M=Z_UTILS    ACBP=28
 003E:1B85 0057 C=CODE   S=Z_ERROR_TEXT   G=(none)  M=Z_ERROR    ACBP=28
 003F:0000 05AF C=CODE   S=Z_HELP_TEXT    G=(none)  M=Z_HELP     ACBP=28
 003F:05AF 0000 C=CODE   S=G_BNUM_TEXT    G=(none)  M=G_BNUM     ACBP=28
 003F:05AF 0000 C=CODE   S=G_BORDER_TEXT  G=(none)  M=G_BORDER   ACBP=28
 003F:05AF 0000 C=CODE   S=G_DATE_TEXT    G=(none)  M=G_DATE     ACBP=28
 003F:05AF 0000 C=CODE   S=G_DATE1_TEXT   G=(none)  M=G_DATE1    ACBP=28
 003F:05AF 0000 C=CODE   S=G_DEVICE_TEXT  G=(none)  M=G_DEVICE   ACBP=28
 003F:05AF 0000 C=CODE   S=G_DSP_TEXT     G=(none)  M=G_DSP      ACBP=28
 003F:05AF 0000 C=CODE   S=G_EVENT_TEXT   G=(none)  M=G_EVENT    ACBP=28
 003F:05AF 0000 C=CODE   S=G_HOTKEY_TEXT  G=(none)  M=G_HOTKEY   ACBP=28
 003F:05AF 0000 C=CODE   S=G_PERROR_TEXT  G=(none)  M=G_PERROR   ACBP=28
 003F:05AF 0000 C=CODE   S=G_PHELP_TEXT   G=(none)  M=G_PHELP    ACBP=28
 003F:05AF 0000 C=CODE   S=G_PNORM_TEXT   G=(none)  M=G_PNORM    ACBP=28
 003F:05AF 0000 C=CODE   S=G_STORE_TEXT   G=(none)  M=G_STORE    ACBP=28
 003F:05AF 0000 C=CODE   S=G_TIME_TEXT    G=(none)  M=G_TIME     ACBP=28
 003F:05AF 0000 C=CODE   S=G_TIME1_TEXT   G=(none)  M=G_TIME1    ACBP=28
 003F:05AF 0000 C=CODE   S=G_WIN2_TEXT    G=(none)  M=G_WIN2     ACBP=28
 003F:05AF 0000 C=CODE   S=G_SYS_TEXT     G=(none)  M=G_SYS      ACBP=28
 003F:05AF 0000 C=CODE   S=G_INT_TEXT     G=(none)  M=G_INT      ACBP=28
 003F:05AF 0000 C=CODE   S=G_REAL_TEXT    G=(none)  M=G_REAL     ACBP=28
 003F:05AF 05E9 C=CODE   S=I_BTCAT_TEXT   G=(none)  M=I_BTCAT    ACBP=28
 003F:0B98 0036 C=CODE   S=I_MAPFON_TEXT  G=(none)  M=I_MAPFON   ACBP=28
 0040:0000 26CD C=CODE   S=D_GFXDSP_TEXT  G=(none)  M=D_GFXDSP   ACBP=28
 0041:0000 0006 C=CODE   S=ISO_SMAL_TEXT  G=(none)  M=ISO_SMAL   ACBP=28
 0041:0006 0006 C=CODE   S=ISO_DIAL_TEXT  G=(none)  M=ISO_DIAL   ACBP=28
 0041:000C 0006 C=CODE   S=ISO_SYST_TEXT  G=(none)  M=ISO_SYST   ACBP=28
 0042:0000 6D57 C=CODE   S=GFX_TEXT       G=(none)  M=GFX        ACBP=28
 0043:0000 00BB C=CODE   S=_EZ_TEXT       G=(none)  M=EGA_HERC   ACBP=28
 0043:00BB 01AD C=CODE   S=_EZ_TEXT       G=(none)  M=PUT_PEL    ACBP=28
 0043:0268 01C0 C=CODE   S=_EZ_TEXT       G=(none)  M=BANK_256   ACBP=28
 0043:0428 010E C=CODE   S=_EZ_TEXT       G=(none)  M=PTR256     ACBP=28
 0043:0536 03FC C=CODE   S=_EZ_TEXT       G=(none)  M=FASTLINE   ACBP=28
 0043:0932 0053 C=CODE   S=_EZ_TEXT       G=(none)  M=PATORDER   ACBP=28
 0043:0985 0063 C=CODE   S=_EZ_TEXT       G=(none)  M=SETCPAIR   ACBP=28
 0043:09E8 0069 C=CODE   S=_EZ_TEXT       G=(none)  M=RCDLNPNT   ACBP=28
 0043:0A51 0016 C=CODE   S=_EZ_TEXT       G=(none)  M=_IDIV      ACBP=28
 0043:0A67 0078 C=CODE   S=_EZ_TEXT       G=(none)  M=GET_PEL    ACBP=28
 0043:0ADF 0020 C=CODE   S=_EZ_TEXT       G=(none)  M=FINDB      ACBP=28
 0043:0AFF 000D C=CODE   S=_EZ_TEXT       G=(none)  M=CALL_DOS   ACBP=28
 0043:0B0C 0035 C=CODE   S=_EZ_TEXT       G=(none)  M=_GFXMOVE   ACBP=28
 0043:0B41 00BD C=CODE   S=_EZ_TEXT       G=(none)  M=SHFTBLOK   ACBP=28
 0043:0BFE 00BC C=CODE   S=_EZ_TEXT       G=(none)  M=PCX2PIC    ACBP=28
 0043:0CBA 0060 C=CODE   S=_EZ_TEXT       G=(none)  M=PIC2PCX    ACBP=28
 0043:0D1A 01C5 C=CODE   S=_EZ_TEXT       G=(none)  M=XPANDRLE   ACBP=28
 0043:0EDF 02D5 C=CODE   S=_EZ_TEXT       G=(none)  M=SCRNLNIO   ACBP=28
 0043:11B4 008A C=CODE   S=_EZ_TEXT       G=(none)  M=BLD16MSK   ACBP=28
 0043:123E 002C C=CODE   S=_EZ_TEXT       G=(none)  M=EGAMODFY   ACBP=28
 0043:126A 000D C=CODE   S=_EZ_TEXT       G=(none)  M=GFXLPEEK   ACBP=28
 0043:1277 0019 C=CODE   S=_EZ_TEXT       G=(none)  M=CHKHERC    ACBP=28
 0043:1290 0028 C=CODE   S=_EZ_TEXT       G=(none)  M=DBLPAT     ACBP=28
 0043:12B8 019C C=CODE   S=_EZ_TEXT       G=(none)  M=PATHLINE   ACBP=28
 0043:1454 00CD C=CODE   S=_EZ_TEXT       G=(none)  M=ASMVLINE   ACBP=28
 0043:1521 0225 C=CODE   S=_EZ_TEXT       G=(none)  M=ASMHLINE   ACBP=28
 0043:1746 0027 C=CODE   S=_EZ_TEXT       G=(none)  M=XINTCOOR   ACBP=28
 0043:176D 0325 C=CODE   S=_EZ_TEXT       G=(none)  M=_LO_OVAL   ACBP=28
 0043:1A92 009B C=CODE   S=_EZ_TEXT       G=(none)  M=LO_QSORT   ACBP=28
 0043:1B2D 001A C=CODE   S=_EZ_TEXT       G=(none)  M=FILL       ACBP=28
 0043:1B47 0017 C=CODE   S=_EZ_TEXT       G=(none)  M=LOPORTIO   ACBP=28
 0043:1B5E 0058 C=CODE   S=_EZ_TEXT       G=(none)  M=LOVGAPAL   ACBP=28
 0043:1BB6 001E C=CODE   S=_EZ_TEXT       G=(none)  M=IBOX       ACBP=28
 0043:1BD4 002A C=CODE   S=_EZ_TEXT       G=(none)  M=IOVAL      ACBP=28
 0043:1BFE 002A C=CODE   S=_EZ_TEXT       G=(none)  M=IOVALARC   ACBP=28
 0043:1C28 001E C=CODE   S=_EZ_TEXT       G=(none)  M=IDRLINE    ACBP=28
 0043:1C46 001E C=CODE   S=_EZ_TEXT       G=(none)  M=IGETPIC    ACBP=28
 0043:1C64 0015 C=CODE   S=_EZ_TEXT       G=(none)  M=IOVLPISL   ACBP=28
 0043:1C79 0015 C=CODE   S=_EZ_TEXT       G=(none)  M=IPOINT     ACBP=28
 0043:1C8E 0015 C=CODE   S=_EZ_TEXT       G=(none)  M=IPLYLINE   ACBP=28
 0043:1CA3 0015 C=CODE   S=_EZ_TEXT       G=(none)  M=IPSET      ACBP=28
 0043:1CB8 0015 C=CODE   S=_EZ_TEXT       G=(none)  M=IPUTPIC    ACBP=28
 0043:1CCD 0015 C=CODE   S=_EZ_TEXT       G=(none)  M=IPRNFONT   ACBP=28
 0043:1CE2 0072 C=CODE   S=_EZ_TEXT       G=(none)  M=IVECPM     ACBP=28
 0043:1D54 03FD C=CODE   S=_EZ_TEXT       G=(none)  M=WRTCHAR    ACBP=28
 0043:2151 0092 C=CODE   S=_EZ_TEXT       G=(none)  M=XPANDCH    ACBP=28
 0044:0000 0000 C=CODE   S=EMU_PROG       G=(none)  M=FPINIT     ACBP=68
 0044:0000 0021 C=CODE   S=EMU_PROG       G=(none)  M=PATCHES    ACBP=68
 0044:0030 2777 C=CODE   S=EMU_PROG       G=(none)  M=EMU086     ACBP=68
 0045:0000 0000 C=CODE   S=E87_PROG       G=(none)  M=FPINIT     ACBP=68
 0045:0000 0027 C=CODE   S=E87_PROG       G=(none)  M=PATCHES    ACBP=68
 0045:0030 03E3 C=CODE   S=E87_PROG       G=(none)  M=EMU087     ACBP=68
 0045:0420 01D8 C=CODE   S=E87_PROG       G=(none)  M=E87TRAP    ACBP=68
 0045:05F8 00BE C=CODE   S=PATCH_TEXT     G=(none)  M=PATCH      ACBP=28
 0045:06B6 005E C=CODE   S=CTRLBRK_TEXT   G=(none)  M=CTRLBRK    ACBP=28
 0045:0714 0101 C=CODE   S=INT86_TEXT     G=(none)  M=INT86      ACBP=28
 0045:0815 0056 C=CODE   S=STRCHR_TEXT    G=(none)  M=STRCHR     ACBP=28
 0045:086B 00AF C=CODE   S=DELAY_TEXT     G=(none)  M=DELAY      ACBP=28
 0045:091A 0F5E C=CODE   S=ABSTARRY_TEXT  G=(none)  M=ABSTARRY   ACBP=28
 0045:1878 0108 C=CODE   S=COLLECT_TEXT   G=(none)  M=COLLECT    ACBP=28
 0045:1980 05FA C=CODE   S=CONTAIN_TEXT   G=(none)  M=CONTAIN    ACBP=28
 0046:0000 0194 C=CODE   S=MEMMGR_TEXT    G=(none)  M=MEMMGR     ACBP=28
 0046:0194 01C7 C=CODE   S=OBJECT_TEXT    G=(none)  M=OBJECT     ACBP=28
 0046:035B 02F0 C=CODE   S=STRNG_TEXT     G=(none)  M=STRNG      ACBP=28
 0047:0000 0000 C=FAR_DATA S=_FARDATA       G=(none)  M=c0p.asm    ACBP=68
 0047:0000 0202 C=FAR_DATA S=ISO_SMAL5_DATA G=(none)  M=ISO_SMAL   ACBP=68
 0048:0000 0720 C=FAR_DATA S=ISO_SMAL6_DATA G=(none)  M=ISO_SMAL   ACBP=68
 0049:0000 0202 C=FAR_DATA S=ISO_DIAL5_DATA G=(none)  M=ISO_DIAL   ACBP=68
 004A:0000 08F0 C=FAR_DATA S=ISO_DIAL6_DATA G=(none)  M=ISO_DIAL   ACBP=68
 004B:0000 0202 C=FAR_DATA S=ISO_SYST5_DATA G=(none)  M=ISO_SYST   ACBP=68
 004C:0000 0A50 C=FAR_DATA S=ISO_SYST6_DATA G=(none)  M=ISO_SYST   ACBP=68
 004D:0000 0000 C=FAR_BSS S=_FARBSS        G=DGROUP  M=c0p.asm    ACBP=68
 004D:0000 0000 C=OVRINFO S=_OVERLAY_      G=DGROUP  M=c0p.asm    ACBP=68
 004D:0000 0000 C=STUBSEG S=_1STUB_        G=DGROUP  M=c0p.asm    ACBP=68
 004D:0000 0097 C=DATA   S=_DATA          G=DGROUP  M=c0p.asm    ACBP=68
 004D:0098 0122 C=DATA   S=_DATA          G=DGROUP  M=source\st.cpp ACBP=48
 004D:01BA 0036 C=DATA   S=_DATA          G=DGROUP  M=source\bdisplay.cpp ACBP=48
 004D:01F0 0039 C=DATA   S=_DATA          G=DGROUP  M=source\calc.cpp ACBP=48
 004D:022A 014C C=DATA   S=_DATA          G=DGROUP  M=source\calendar.cpp ACBP=48
 004D:0376 0D70 C=DATA   S=_DATA          G=DGROUP  M=source\cfg.cpp ACBP=48
 004D:10E6 0345 C=DATA   S=_DATA          G=DGROUP  M=source\control.cpp ACBP=48
 004D:142C 00F7 C=DATA   S=_DATA          G=DGROUP  M=source\cstr.cpp ACBP=48
 004D:1524 025C C=DATA   S=_DATA          G=DGROUP  M=source\ctrl_ev.cpp ACBP=48
 004D:1780 004F C=DATA   S=_DATA          G=DGROUP  M=source\ctrl_pr.cpp ACBP=48
 004D:17D0 0015 C=DATA   S=_DATA          G=DGROUP  M=source\ct_pr_nr.cpp ACBP=48
 004D:17E6 000F C=DATA   S=_DATA          G=DGROUP  M=source\ct_pr_sr.cpp ACBP=48
 004D:17F6 009C C=DATA   S=_DATA          G=DGROUP  M=source\ct_pr_st.cpp ACBP=48
 004D:1892 0020 C=DATA   S=_DATA          G=DGROUP  M=source\ct_util.cpp ACBP=48
 004D:18B2 0087 C=DATA   S=_DATA          G=DGROUP  M=source\ctrl_rf.cpp ACBP=48
 004D:193A 0026 C=DATA   S=_DATA          G=DGROUP  M=source\db_eng.cpp ACBP=48
 004D:1960 0151 C=DATA   S=_DATA          G=DGROUP  M=source\db_view.cpp ACBP=48
 004D:1AB2 0011 C=DATA   S=_DATA          G=DGROUP  M=source\dongle.cpp ACBP=48
 004D:1AC4 001A C=DATA   S=_DATA          G=DGROUP  M=source\dstatist.cpp ACBP=48
 004D:1ADE 0040 C=DATA   S=_DATA          G=DGROUP  M=source\dstorage.cpp ACBP=48
 004D:1B1E 001A C=DATA   S=_DATA          G=DGROUP  M=source\d_ext_st.cpp ACBP=48
 004D:1B38 0060 C=DATA   S=_DATA          G=DGROUP  M=source\eeprom.cpp ACBP=48
 004D:1B98 001A C=DATA   S=_DATA          G=DGROUP  M=source\filehdr.cpp ACBP=48
 004D:1BB2 0AA8 C=DATA   S=_DATA          G=DGROUP  M=source\mb_ext.cpp ACBP=48
 004D:265A 0083 C=DATA   S=_DATA          G=DGROUP  M=source\info.cpp ACBP=48
 004D:26DE 0265 C=DATA   S=_DATA          G=DGROUP  M=source\log.cpp ACBP=48
 004D:2944 08AC C=DATA   S=_DATA          G=DGROUP  M=source\mb_conf.cpp ACBP=48
 004D:31F0 0187 C=DATA   S=_DATA          G=DGROUP  M=source\mb_simul.cpp ACBP=48
 004D:3378 0000 C=DATA   S=_DATA          G=DGROUP  M=source\mb_file.cpp ACBP=48
 004D:3378 015F C=DATA   S=_DATA          G=DGROUP  M=source\mb_help.cpp ACBP=48
 004D:34D8 0239 C=DATA   S=_DATA          G=DGROUP  M=source\mb_inf.cpp ACBP=48
 004D:3712 02AF C=DATA   S=_DATA          G=DGROUP  M=source\mb_print.cpp ACBP=48
 004D:39C2 0004 C=DATA   S=_DATA          G=DGROUP  M=source\mutex.cpp ACBP=48
 004D:39C6 0013 C=DATA   S=_DATA          G=DGROUP  M=source\parser.cpp ACBP=48
 004D:39DA 0072 C=DATA   S=_DATA          G=DGROUP  M=source\ph_eng.cpp ACBP=48
 004D:3A4C 013D C=DATA   S=_DATA          G=DGROUP  M=source\ph_place.cpp ACBP=48
 004D:3B8A 0081 C=DATA   S=_DATA          G=DGROUP  M=source\ph_query.cpp ACBP=48
 004D:3C0C 0005 C=DATA   S=_DATA          G=DGROUP  M=source\ph_util.cpp ACBP=48
 004D:3C12 038B C=DATA   S=_DATA          G=DGROUP  M=source\ph_tar.cpp ACBP=48
 004D:3F9E 037F C=DATA   S=_DATA          G=DGROUP  M=source\plain_pr.cpp ACBP=48
 004D:431E 01D5 C=DATA   S=_DATA          G=DGROUP  M=source\prn_fmt.cpp ACBP=48
 004D:44F4 016E C=DATA   S=_DATA          G=DGROUP  M=source\res.cpp ACBP=48
 004D:4662 0004 C=DATA   S=_DATA          G=DGROUP  M=source\rt_eng.cpp ACBP=48
 004D:4666 0000 C=DATA   S=_DATA          G=DGROUP  M=source\rt_do.cpp ACBP=48
 004D:4666 0002 C=DATA   S=_DATA          G=DGROUP  M=source\rt_util.cpp ACBP=48
 004D:4668 0032 C=DATA   S=_DATA          G=DGROUP  M=source\rt_isr.cpp ACBP=48
 004D:469A 0003 C=DATA   S=_DATA          G=DGROUP  M=source\rt_store.cpp ACBP=48
 004D:469E 0014 C=DATA   S=_DATA          G=DGROUP  M=source\serial.cpp ACBP=48
 004D:46B2 029A C=DATA   S=_DATA          G=DGROUP  M=source\sid.cpp ACBP=48
 004D:494C 0025 C=DATA   S=_DATA          G=DGROUP  M=source\spooler.cpp ACBP=48
 004D:4972 0044 C=DATA   S=_DATA          G=DGROUP  M=source\ssaver.cpp ACBP=48
 004D:49B6 0016 C=DATA   S=_DATA          G=DGROUP  M=source\stm2.cpp ACBP=48
 004D:49CC 0294 C=DATA   S=_DATA          G=DGROUP  M=source\st_util.cpp ACBP=48
 004D:4C60 00F4 C=DATA   S=_DATA          G=DGROUP  M=source\tb_conf.cpp ACBP=48
 004D:4D54 0136 C=DATA   S=_DATA          G=DGROUP  M=source\tb_man.cpp ACBP=48
 004D:4E8A 00C1 C=DATA   S=_DATA          G=DGROUP  M=source\tb_print.cpp ACBP=48
 004D:4F4C 0250 C=DATA   S=_DATA          G=DGROUP  M=source\tb_sp.cpp ACBP=48
 004D:519C 017E C=DATA   S=_DATA          G=DGROUP  M=source\tb_tools.cpp ACBP=48
 004D:531A 0043 C=DATA   S=_DATA          G=DGROUP  M=source\tb_util.cpp ACBP=48
 004D:535E 0026 C=DATA   S=_DATA          G=DGROUP  M=source\traceinf.cpp ACBP=48
 004D:5384 0778 C=DATA   S=_DATA          G=DGROUP  M=source\view.cpp ACBP=48
 004D:5AFC 002F C=DATA   S=_DATA          G=DGROUP  M=source\view_ev.cpp ACBP=48
 004D:5B2C 0524 C=DATA   S=_DATA          G=DGROUP  M=source\view_hb.cpp ACBP=48
 004D:6050 0020 C=DATA   S=_DATA          G=DGROUP  M=source\w_phone.cpp ACBP=48
 004D:6070 0000 C=DATA   S=_DATA          G=DGROUP  M=source\w_sgroup.cpp ACBP=48
 004D:6070 0076 C=DATA   S=_DATA          G=DGROUP  M=source\w_statbr.cpp ACBP=48
 004D:60E6 002C C=DATA   S=_DATA          G=DGROUP  M=source\w_table.cpp ACBP=48
 004D:6112 0010 C=DATA   S=_DATA          G=DGROUP  M=D_KEYBRD   ACBP=48
 004D:6122 07AA C=DATA   S=_DATA          G=DGROUP  M=D_MOUSE    ACBP=48
 004D:68CC 0035 C=DATA   S=_DATA          G=DGROUP  M=D_CURSOR   ACBP=48
 004D:6902 0000 C=DATA   S=_DATA          G=DGROUP  M=D_BORDER   ACBP=48
 004D:6902 0003 C=DATA   S=_DATA          G=DGROUP  M=D_BUTTON   ACBP=48
 004D:6906 0041 C=DATA   S=_DATA          G=DGROUP  M=D_COMBO    ACBP=48
 004D:6948 0000 C=DATA   S=_DATA          G=DGROUP  M=D_GROUP    ACBP=48
 004D:6948 0003 C=DATA   S=_DATA          G=DGROUP  M=D_ICON     ACBP=48
 004D:694C 0074 C=DATA   S=_DATA          G=DGROUP  M=D_MIN      ACBP=48
 004D:69C0 0074 C=DATA   S=_DATA          G=DGROUP  M=D_MAX      ACBP=48
 004D:6A34 00E4 C=DATA   S=_DATA          G=DGROUP  M=D_SCROLL   ACBP=48
 004D:6B18 0001 C=DATA   S=_DATA          G=DGROUP  M=D_STRING   ACBP=48
 004D:6B1A 0034 C=DATA   S=_DATA          G=DGROUP  M=D_SYS      ACBP=48
 004D:6B4E 0001 C=DATA   S=_DATA          G=DGROUP  M=D_TEXT     ACBP=48
 004D:6B50 0001 C=DATA   S=_DATA          G=DGROUP  M=D_TITLE    ACBP=48
 004D:6B52 0000 C=DATA   S=_DATA          G=DGROUP  M=D_POPUP    ACBP=48
 004D:6B52 0087 C=DATA   S=_DATA          G=DGROUP  M=D_POPUP1   ACBP=48
 004D:6BDA 0000 C=DATA   S=_DATA          G=DGROUP  M=D_PLLDN    ACBP=48
 004D:6BDA 0000 C=DATA   S=_DATA          G=DGROUP  M=D_PLLDN1   ACBP=48
 004D:6BDA 0000 C=DATA   S=_DATA          G=DGROUP  M=D_PROMPT   ACBP=48
 004D:6BDA 0000 C=DATA   S=_DATA          G=DGROUP  M=D_TBAR     ACBP=48
 004D:6BDA 0003 C=DATA   S=_DATA          G=DGROUP  M=D_VLIST    ACBP=48
 004D:6BDE 0000 C=DATA   S=_DATA          G=DGROUP  M=D_WIN      ACBP=48
 004D:6BDE 0000 C=DATA   S=_DATA          G=DGROUP  M=D_WIN1     ACBP=48
 004D:6BDE 0025 C=DATA   S=_DATA          G=DGROUP  M=D_WIN2     ACBP=48
 004D:6C04 0009 C=DATA   S=_DATA          G=DGROUP  M=D_ERROR    ACBP=48
 004D:6C0E 0014 C=DATA   S=_DATA          G=DGROUP  M=D_INTL     ACBP=48
 004D:6C22 007A C=DATA   S=_DATA          G=DGROUP  M=Z_LIST     ACBP=48
 004D:6C9C 0008 C=DATA   S=_DATA          G=DGROUP  M=Z_LIST1    ACBP=48
 004D:6CA4 0404 C=DATA   S=_DATA          G=DGROUP  M=Z_INTL     ACBP=48
 004D:70A8 0042 C=DATA   S=_DATA          G=DGROUP  M=Z_DATE     ACBP=48
 004D:70EA 0020 C=DATA   S=_DATA          G=DGROUP  M=Z_TIME     ACBP=48
 004D:710A 00DD C=DATA   S=_DATA          G=DGROUP  M=Z_BNUM     ACBP=48
 004D:71E8 000A C=DATA   S=_DATA          G=DGROUP  M=Z_BNUM1    ACBP=48
 004D:71F2 0010 C=DATA   S=_DATA          G=DGROUP  M=Z_REGION   ACBP=48
 004D:7202 0054 C=DATA   S=_DATA          G=DGROUP  M=Z_DSP      ACBP=48
 004D:7256 0023 C=DATA   S=_DATA          G=DGROUP  M=Z_PATH     ACBP=48
 004D:727A 00C1 C=DATA   S=_DATA          G=DGROUP  M=Z_STORE    ACBP=48
 004D:733C 0010 C=DATA   S=_DATA          G=DGROUP  M=Z_DEVICE   ACBP=48
 004D:734C 0010 C=DATA   S=_DATA          G=DGROUP  M=Z_CURSOR   ACBP=48
 004D:735C 0026 C=DATA   S=_DATA          G=DGROUP  M=Z_EVENT    ACBP=48
 004D:7382 0000 C=DATA   S=_DATA          G=DGROUP  M=Z_MAP1     ACBP=48
 004D:7382 0000 C=DATA   S=_DATA          G=DGROUP  M=Z_MAP2     ACBP=48
 004D:7382 002D C=DATA   S=_DATA          G=DGROUP  M=Z_BORDER   ACBP=48
 004D:73B0 0057 C=DATA   S=_DATA          G=DGROUP  M=Z_BUTTON   ACBP=48
 004D:7408 006E C=DATA   S=_DATA          G=DGROUP  M=Z_COMBO    ACBP=48
 004D:7476 0020 C=DATA   S=_DATA          G=DGROUP  M=Z_DATE1    ACBP=48
 004D:7496 002C C=DATA   S=_DATA          G=DGROUP  M=Z_GROUP    ACBP=48
 004D:74C2 004D C=DATA   S=_DATA          G=DGROUP  M=Z_ICON     ACBP=48
 004D:7510 002F C=DATA   S=_DATA          G=DGROUP  M=Z_INT      ACBP=48
 004D:7540 002F C=DATA   S=_DATA          G=DGROUP  M=Z_MIN      ACBP=48
 004D:7570 002F C=DATA   S=_DATA          G=DGROUP  M=Z_MAX      ACBP=48
 004D:75A0 0020 C=DATA   S=_DATA          G=DGROUP  M=Z_BNUM2    ACBP=48
 004D:75C0 002C C=DATA   S=_DATA          G=DGROUP  M=Z_SCROLL   ACBP=48
 004D:75EC 0023 C=DATA   S=_DATA          G=DGROUP  M=Z_STRING   ACBP=48
 004D:7610 002D C=DATA   S=_DATA          G=DGROUP  M=Z_SYS      ACBP=48
 004D:763E 002D C=DATA   S=_DATA          G=DGROUP  M=Z_TEXT     ACBP=48
 004D:766C 0020 C=DATA   S=_DATA          G=DGROUP  M=Z_TIME1    ACBP=48
 004D:768C 002D C=DATA   S=_DATA          G=DGROUP  M=Z_TITLE    ACBP=48
 004D:76BA 002C C=DATA   S=_DATA          G=DGROUP  M=Z_POPUP    ACBP=48
 004D:76E6 0020 C=DATA   S=_DATA          G=DGROUP  M=Z_POPUP1   ACBP=48
 004D:7706 002C C=DATA   S=_DATA          G=DGROUP  M=Z_PLLDN    ACBP=48
 004D:7732 0020 C=DATA   S=_DATA          G=DGROUP  M=Z_PLLDN1   ACBP=48
 004D:7752 0020 C=DATA   S=_DATA          G=DGROUP  M=Z_PROMPT   ACBP=48
 004D:7772 002C C=DATA   S=_DATA          G=DGROUP  M=Z_TBAR     ACBP=48
 004D:779E 0030 C=DATA   S=_DATA          G=DGROUP  M=Z_REAL     ACBP=48
 004D:77CE 002C C=DATA   S=_DATA          G=DGROUP  M=Z_VLIST    ACBP=48
 004D:77FA 0030 C=DATA   S=_DATA          G=DGROUP  M=Z_WIN      ACBP=48
 004D:782A 0108 C=DATA   S=_DATA          G=DGROUP  M=Z_WIN1     ACBP=48
 004D:7932 0042 C=DATA   S=_DATA          G=DGROUP  M=Z_WIN2     ACBP=48
 004D:7974 0006 C=DATA   S=_DATA          G=DGROUP  M=Z_UTILS    ACBP=48
 004D:797A 0008 C=DATA   S=_DATA          G=DGROUP  M=Z_ERROR    ACBP=48
 004D:7982 001F C=DATA   S=_DATA          G=DGROUP  M=Z_HELP     ACBP=48
 004D:79A2 0069 C=DATA   S=_DATA          G=DGROUP  M=G_BNUM     ACBP=48
 004D:7A0C 0002 C=DATA   S=_DATA          G=DGROUP  M=G_BORDER   ACBP=48
 004D:7A0E 018D C=DATA   S=_DATA          G=DGROUP  M=G_DATE     ACBP=48
 004D:7B9C 011C C=DATA   S=_DATA          G=DGROUP  M=G_DATE1    ACBP=48
 004D:7CB8 0012 C=DATA   S=_DATA          G=DGROUP  M=G_DEVICE   ACBP=48
 004D:7CCA 0162 C=DATA   S=_DATA          G=DGROUP  M=G_DSP      ACBP=48
 004D:7E2C 0406 C=DATA   S=_DATA          G=DGROUP  M=G_EVENT    ACBP=48
 004D:8232 01C6 C=DATA   S=_DATA          G=DGROUP  M=G_HOTKEY   ACBP=48
 004D:83F8 014C C=DATA   S=_DATA          G=DGROUP  M=G_PERROR   ACBP=48
 004D:8544 016F C=DATA   S=_DATA          G=DGROUP  M=G_PHELP    ACBP=48
 004D:86B4 03F8 C=DATA   S=_DATA          G=DGROUP  M=G_PNORM    ACBP=48
 004D:8AAC 0006 C=DATA   S=_DATA          G=DGROUP  M=G_STORE    ACBP=48
 004D:8AB2 0012 C=DATA   S=_DATA          G=DGROUP  M=G_TIME     ACBP=48
 004D:8AC4 00A4 C=DATA   S=_DATA          G=DGROUP  M=G_TIME1    ACBP=48
 004D:8B68 001E C=DATA   S=_DATA          G=DGROUP  M=G_WIN2     ACBP=48
 004D:8B86 0060 C=DATA   S=_DATA          G=DGROUP  M=G_SYS      ACBP=48
 004D:8BE6 0067 C=DATA   S=_DATA          G=DGROUP  M=G_INT      ACBP=48
 004D:8C4E 0067 C=DATA   S=_DATA          G=DGROUP  M=G_REAL     ACBP=48
 004D:8CB6 009C C=DATA   S=_DATA          G=DGROUP  M=I_BTCAT    ACBP=48
 004D:8D52 0100 C=DATA   S=_DATA          G=DGROUP  M=I_MAPFON   ACBP=48
 004D:8E52 014E C=DATA   S=_DATA          G=DGROUP  M=D_GFXDSP   ACBP=48
 004D:8FA0 002C C=DATA   S=_DATA          G=DGROUP  M=ISO_SMAL   ACBP=48
 004D:8FCC 002C C=DATA   S=_DATA          G=DGROUP  M=ISO_DIAL   ACBP=48
 004D:8FF8 002C C=DATA   S=_DATA          G=DGROUP  M=ISO_SYST   ACBP=48
 004D:9024 0AB4 C=DATA   S=_DATA          G=DGROUP  M=GFX        ACBP=48
 004D:9AD8 0018 C=DATA   S=_DATA          G=DGROUP  M=EGA_HERC   ACBP=48
 004D:9AF0 003D C=DATA   S=_DATA          G=DGROUP  M=PUT_PEL    ACBP=48
 004D:9B2E 000A C=DATA   S=_DATA          G=DGROUP  M=BANK_256   ACBP=48
 004D:9B38 0000 C=DATA   S=_DATA          G=DGROUP  M=PTR256     ACBP=48
 004D:9B38 001E C=DATA   S=_DATA          G=DGROUP  M=FASTLINE   ACBP=48
 004D:9B56 0000 C=DATA   S=_DATA          G=DGROUP  M=PATORDER   ACBP=48
 004D:9B56 0000 C=DATA   S=_DATA          G=DGROUP  M=SETCPAIR   ACBP=48
 004D:9B56 0000 C=DATA   S=_DATA          G=DGROUP  M=RCDLNPNT   ACBP=48
 004D:9B56 0000 C=DATA   S=_DATA          G=DGROUP  M=_IDIV      ACBP=48
 004D:9B56 0008 C=DATA   S=_DATA          G=DGROUP  M=GET_PEL    ACBP=48
 004D:9B5E 0000 C=DATA   S=_DATA          G=DGROUP  M=FINDB      ACBP=48
 004D:9B5E 0000 C=DATA   S=_DATA          G=DGROUP  M=CALL_DOS   ACBP=48
 004D:9B5E 0000 C=DATA   S=_DATA          G=DGROUP  M=_GFXMOVE   ACBP=48
 004D:9B5E 0000 C=DATA   S=_DATA          G=DGROUP  M=SHFTBLOK   ACBP=48
 004D:9B5E 0000 C=DATA   S=_DATA          G=DGROUP  M=PCX2PIC    ACBP=48
 004D:9B5E 0000 C=DATA   S=_DATA          G=DGROUP  M=PIC2PCX    ACBP=48
 004D:9B5E 0000 C=DATA   S=_DATA          G=DGROUP  M=XPANDRLE   ACBP=48
 004D:9B5E 000A C=DATA   S=_DATA          G=DGROUP  M=SCRNLNIO   ACBP=48
 004D:9B68 0000 C=DATA   S=_DATA          G=DGROUP  M=BLD16MSK   ACBP=48
 004D:9B68 0000 C=DATA   S=_DATA          G=DGROUP  M=EGAMODFY   ACBP=48
 004D:9B68 0000 C=DATA   S=_DATA          G=DGROUP  M=GFXLPEEK   ACBP=48
 004D:9B68 0000 C=DATA   S=_DATA          G=DGROUP  M=CHKHERC    ACBP=48
 004D:9B68 0000 C=DATA   S=_DATA          G=DGROUP  M=DBLPAT     ACBP=48
 004D:9B68 0008 C=DATA   S=_DATA          G=DGROUP  M=PATHLINE   ACBP=48
 004D:9B70 0008 C=DATA   S=_DATA          G=DGROUP  M=ASMVLINE   ACBP=48
 004D:9B78 0006 C=DATA   S=_DATA          G=DGROUP  M=ASMHLINE   ACBP=48
 004D:9B7E 0000 C=DATA   S=_DATA          G=DGROUP  M=XINTCOOR   ACBP=48
 004D:9B7E 0000 C=DATA   S=_DATA          G=DGROUP  M=_LO_OVAL   ACBP=48
 004D:9B7E 0000 C=DATA   S=_DATA          G=DGROUP  M=LO_QSORT   ACBP=48
 004D:9B7E 0000 C=DATA   S=_DATA          G=DGROUP  M=FILL       ACBP=48
 004D:9B7E 0000 C=DATA   S=_DATA          G=DGROUP  M=LOPORTIO   ACBP=48
 004D:9B7E 0000 C=DATA   S=_DATA          G=DGROUP  M=LOVGAPAL   ACBP=48
 004D:9B7E 0000 C=DATA   S=_DATA          G=DGROUP  M=IBOX       ACBP=48
 004D:9B7E 0000 C=DATA   S=_DATA          G=DGROUP  M=IOVAL      ACBP=48
 004D:9B7E 0000 C=DATA   S=_DATA          G=DGROUP  M=IOVALARC   ACBP=48
 004D:9B7E 0000 C=DATA   S=_DATA          G=DGROUP  M=IDRLINE    ACBP=48
 004D:9B7E 0000 C=DATA   S=_DATA          G=DGROUP  M=IGETPIC    ACBP=48
 004D:9B7E 0000 C=DATA   S=_DATA          G=DGROUP  M=IOVLPISL   ACBP=48
 004D:9B7E 0000 C=DATA   S=_DATA          G=DGROUP  M=IPOINT     ACBP=48
 004D:9B7E 0000 C=DATA   S=_DATA          G=DGROUP  M=IPLYLINE   ACBP=48
 004D:9B7E 0000 C=DATA   S=_DATA          G=DGROUP  M=IPSET      ACBP=48
 004D:9B7E 0000 C=DATA   S=_DATA          G=DGROUP  M=IPUTPIC    ACBP=48
 004D:9B7E 0000 C=DATA   S=_DATA          G=DGROUP  M=IPRNFONT   ACBP=48
 004D:9B7E 0008 C=DATA   S=_DATA          G=DGROUP  M=IVECPM     ACBP=48
 004D:9B86 0000 C=DATA   S=_DATA          G=DGROUP  M=WRTCHAR    ACBP=48
 004D:9B86 0000 C=DATA   S=_DATA          G=DGROUP  M=XPANDCH    ACBP=48
 004D:9B90 0004 C=DATA   S=_DATA          G=DGROUP  M=FPINIT     ACBP=68
 004D:9B94 0000 C=DATA   S=_DATA          G=DGROUP  M=PATCH      ACBP=48
 004D:9BA0 003C C=DATA   S=_DATA          G=DGROUP  M=PATCHES    ACBP=68
 004D:9BE0 0000 C=DATA   S=_DATA          G=DGROUP  M=E87TRAP    ACBP=68
 004D:9BE0 0003 C=DATA   S=_DATA          G=DGROUP  M=PROTFLAG   ACBP=48
 004D:9BE4 0002 C=DATA   S=_DATA          G=DGROUP  M=DEFLT87    ACBP=48
 004D:9BE6 0000 C=DATA   S=_DATA          G=DGROUP  M=ATOF       ACBP=48
 004D:9BE6 0024 C=DATA   S=_DATA          G=DGROUP  M=HUGEVAL    ACBP=48
 004D:9C0A 0000 C=DATA   S=_DATA          G=DGROUP  M=LDTRUNC    ACBP=48
 004D:9C0A 0043 C=DATA   S=_DATA          G=DGROUP  M=MATHWHY    ACBP=48
 004D:9C4E 0000 C=DATA   S=_DATA          G=DGROUP  M=REALCVT    ACBP=48
 004D:9C4E 0000 C=DATA   S=_DATA          G=DGROUP  M=ROUND      ACBP=48
 004D:9C4E 0018 C=DATA   S=_DATA          G=DGROUP  M=SCANTOD    ACBP=48
 004D:9C66 0000 C=DATA   S=_DATA          G=DGROUP  M=STRTOD     ACBP=48
 004D:9C66 0000 C=DATA   S=_DATA          G=DGROUP  M=XCVT       ACBP=48
 004D:9C66 009A C=DATA   S=_DATA          G=DGROUP  M=FPERR      ACBP=48
 004D:9D00 0080 C=DATA   S=_DATA          G=DGROUP  M=_POW10     ACBP=48
 004D:9D80 0000 C=DATA   S=_DATA          G=DGROUP  M=POW10D     ACBP=48
 004D:9D80 0000 C=DATA   S=_DATA          G=DGROUP  M=MATHERR    ACBP=48
 004D:9D80 0000 C=DATA   S=_DATA          G=DGROUP  M=FLOOR      ACBP=48
 004D:9D80 0010 C=DATA   S=_DATA          G=DGROUP  M=POW        ACBP=48
 004D:9D90 000E C=DATA   S=_DATA          G=DGROUP  M=_MATHERR   ACBP=48
 004D:9D9E 0000 C=DATA   S=_DATA          G=DGROUP  M=CEIL       ACBP=48
 004D:9D9E 0000 C=DATA   S=_DATA          G=DGROUP  M=FFTOL      ACBP=48
 004D:9D9E 0002 C=DATA   S=_DATA          G=DGROUP  M=ATEXIT     ACBP=48
 004D:9DA0 0101 C=DATA   S=_DATA          G=DGROUP  M=CTYPE      ACBP=48
 004D:9EA2 0000 C=DATA   S=_DATA          G=DGROUP  M=DEL        ACBP=48
 004D:9EA2 0000 C=DATA   S=_DATA          G=DGROUP  M=DOSFATTR   ACBP=48
 004D:9EA2 0000 C=DATA   S=_DATA          G=DGROUP  M=DOSGDATE   ACBP=48
 004D:9EA2 0000 C=DATA   S=_DATA          G=DGROUP  M=DOSGDRIV   ACBP=48
 004D:9EA2 0000 C=DATA   S=_DATA          G=DGROUP  M=DOSSDATE   ACBP=48
 004D:9EA2 0000 C=DATA   S=_DATA          G=DGROUP  M=DOSTIMU    ACBP=48
 004D:9EA2 0000 C=DATA   S=_DATA          G=DGROUP  M=DUP2       ACBP=48
 004D:9EA2 0000 C=DATA   S=_DATA          G=DGROUP  M=ERRORMSG   ACBP=48
 004D:9EA2 000C C=DATA   S=_DATA          G=DGROUP  M=EXIT       ACBP=48
 004D:9EAE 0190 C=DATA   S=_DATA          G=DGROUP  M=FILES      ACBP=48
 004D:A03E 002A C=DATA   S=_DATA          G=DGROUP  M=FILES2     ACBP=48
 004D:A068 0004 C=DATA   S=_DATA          G=DGROUP  M=FMODE      ACBP=48
 004D:A06C 0002 C=DATA   S=_DATA          G=DGROUP  M=FPSTKLEN   ACBP=48
 004D:A06E 0000 C=DATA   S=_DATA          G=DGROUP  M=F_LXMUL    ACBP=48
 004D:A06E 0000 C=DATA   S=_DATA          G=DGROUP  M=F_SCOPY    ACBP=48
 004D:A06E 0000 C=DATA   S=_DATA          G=DGROUP  M=GETCURDI   ACBP=48
 004D:A06E 0000 C=DATA   S=_DATA          G=DGROUP  M=GETDATE    ACBP=48
 004D:A06E 0000 C=DATA   S=_DATA          G=DGROUP  M=GETDISK    ACBP=48
 004D:A06E 0000 C=DATA   S=_DATA          G=DGROUP  M=GETVECT    ACBP=48
 004D:A06E 0000 C=DATA   S=_DATA          G=DGROUP  M=H_LDIV     ACBP=48
 004D:A06E 0000 C=DATA   S=_DATA          G=DGROUP  M=H_LLSH     ACBP=48
 004D:A06E 0000 C=DATA   S=_DATA          G=DGROUP  M=H_LURSH    ACBP=48
 004D:A06E 0000 C=DATA   S=_DATA          G=DGROUP  M=H_SPUSH    ACBP=48
 004D:A06E 0000 C=DATA   S=_DATA          G=DGROUP  M=ISATTY     ACBP=48
 004D:A06E 0000 C=DATA   S=_DATA          G=DGROUP  M=LABS       ACBP=48
 004D:A06E 0000 C=DATA   S=_DATA          G=DGROUP  M=LONGTOA    ACBP=48
 004D:A06E 0000 C=DATA   S=_DATA          G=DGROUP  M=LSEEK      ACBP=48
 004D:A06E 0000 C=DATA   S=_DATA          G=DGROUP  M=MKDIR      ACBP=48
 004D:A06E 0009 C=DATA   S=_DATA          G=DGROUP  M=MKNAME     ACBP=48
 004D:A078 0000 C=DATA   S=_DATA          G=DGROUP  M=NEW        ACBP=48
 004D:A078 0000 C=DATA   S=_DATA          G=DGROUP  M=NEWF       ACBP=48
 004D:A078 0000 C=DATA   S=_DATA          G=DGROUP  M=N_LXMUL    ACBP=48
 004D:A078 003A C=DATA   S=_DATA          G=DGROUP  M=PUREERR    ACBP=48
 004D:A0B2 0000 C=DATA   S=_DATA          G=DGROUP  M=READA      ACBP=48
 004D:A0B2 0080 C=DATA   S=_DATA          G=DGROUP  M=SCANNER    ACBP=48
 004D:A132 0000 C=DATA   S=_DATA          G=DGROUP  M=SCANTOL    ACBP=48
 004D:A132 0000 C=DATA   S=_DATA          G=DGROUP  M=SEGREAD    ACBP=48
 004D:A132 0000 C=DATA   S=_DATA          G=DGROUP  M=SETDATE    ACBP=48
 004D:A132 0000 C=DATA   S=_DATA          G=DGROUP  M=SETUPIO    ACBP=48
 004D:A132 0000 C=DATA   S=_DATA          G=DGROUP  M=SIGDATA    ACBP=48
 004D:A132 0000 C=DATA   S=_DATA          G=DGROUP  M=STIME      ACBP=48
 004D:A132 0002 C=DATA   S=_DATA          G=DGROUP  M=STKLEN     ACBP=48
 004D:A134 0000 C=DATA   S=_DATA          G=DGROUP  M=TELL       ACBP=48
 004D:A134 0000 C=DATA   S=_DATA          G=DGROUP  M=TOLOWER    ACBP=48
 004D:A134 0000 C=DATA   S=_DATA          G=DGROUP  M=TOUPPER    ACBP=48
 004D:A134 0000 C=DATA   S=_DATA          G=DGROUP  M=UNLINK     ACBP=48
 004D:A134 0000 C=DATA   S=_DATA          G=DGROUP  M=VDELF      ACBP=48
 004D:A134 0000 C=DATA   S=_DATA          G=DGROUP  M=VNEWF      ACBP=48
 004D:A134 0067 C=DATA   S=_DATA          G=DGROUP  M=VPRINTER   ACBP=48
 004D:A19C 0000 C=DATA   S=_DATA          G=DGROUP  M=VRAM       ACBP=48
 004D:A19C 0002 C=DATA   S=_DATA          G=DGROUP  M=WSCROLL    ACBP=48
 004D:A19E 0000 C=DATA   S=_DATA          G=DGROUP  M=XCLOSE     ACBP=48
 004D:A19E 0000 C=DATA   S=_DATA          G=DGROUP  M=_STPCPY    ACBP=48
 004D:A19E 0000 C=DATA   S=_DATA          G=DGROUP  M=BIOSPRIN   ACBP=48
 004D:A19E 0000 C=DATA   S=_DATA          G=DGROUP  M=CPRINTF    ACBP=48
 004D:A19E 0031 C=DATA   S=_DATA          G=DGROUP  M=CVTFAK     ACBP=48
 004D:A1D0 0000 C=DATA   S=_DATA          G=DGROUP  M=GETCH      ACBP=48
 004D:A1D0 0000 C=DATA   S=_DATA          G=DGROUP  M=GPTEXT     ACBP=48
 004D:A1D0 0002 C=DATA   S=_DATA          G=DGROUP  M=KBHIT      ACBP=48
 004D:A1D2 0000 C=DATA   S=_DATA          G=DGROUP  M=MOVETEXT   ACBP=48
 004D:A1D2 0000 C=DATA   S=_DATA          G=DGROUP  M=PUTCH      ACBP=48
 004D:A1D2 0000 C=DATA   S=_DATA          G=DGROUP  M=REALCVT    ACBP=48
 004D:A1D2 0000 C=DATA   S=_DATA          G=DGROUP  M=SCANTOD    ACBP=48
 004D:A1D2 0000 C=DATA   S=_DATA          G=DGROUP  M=SCREEN     ACBP=48
 004D:A1D2 0000 C=DATA   S=_DATA          G=DGROUP  M=SCROLL     ACBP=48
 004D:A1D2 0004 C=DATA   S=_DATA          G=DGROUP  M=SETENVP    ACBP=48
 004D:A1D6 0000 C=DATA   S=_DATA          G=DGROUP  M=SOUND      ACBP=48
 004D:A1D6 0000 C=DATA   S=_DATA          G=DGROUP  M=WHEREXY    ACBP=48
 004D:A1D6 0000 C=DATA   S=_DATA          G=DGROUP  M=ACCESS     ACBP=48
 004D:A1D6 0000 C=DATA   S=_DATA          G=DGROUP  M=ATOL       ACBP=48
 004D:A1D6 0000 C=DATA   S=_DATA          G=DGROUP  M=BSEARCH    ACBP=48
 004D:A1D6 0000 C=DATA   S=_DATA          G=DGROUP  M=CHMOD      ACBP=48
 004D:A1D6 0000 C=DATA   S=_DATA          G=DGROUP  M=CHMODA     ACBP=48
 004D:A1D6 0000 C=DATA   S=_DATA          G=DGROUP  M=CLOSE      ACBP=48
 004D:A1D6 0000 C=DATA   S=_DATA          G=DGROUP  M=CLOSEA     ACBP=48
 004D:A1D6 0000 C=DATA   S=_DATA          G=DGROUP  M=CREAT      ACBP=48
 004D:A1D6 0000 C=DATA   S=_DATA          G=DGROUP  M=EOF        ACBP=48
 004D:A1D6 0000 C=DATA   S=_DATA          G=DGROUP  M=FCLOSE     ACBP=48
 004D:A1D6 0000 C=DATA   S=_DATA          G=DGROUP  M=FFLUSH     ACBP=48
 004D:A1D6 0000 C=DATA   S=_DATA          G=DGROUP  M=FLUSHALL   ACBP=48
 004D:A1D6 0000 C=DATA   S=_DATA          G=DGROUP  M=FNSPLIT    ACBP=48
 004D:A1D6 0000 C=DATA   S=_DATA          G=DGROUP  M=FOPEN      ACBP=48
 004D:A1D6 0000 C=DATA   S=_DATA          G=DGROUP  M=FPRINTF    ACBP=48
 004D:A1D6 0000 C=DATA   S=_DATA          G=DGROUP  M=FSEEK      ACBP=48
 004D:A1D6 0000 C=DATA   S=_DATA          G=DGROUP  M=FULLPATH   ACBP=48
 004D:A1D6 0000 C=DATA   S=_DATA          G=DGROUP  M=GETCWD     ACBP=48
 004D:A1D6 0000 C=DATA   S=_DATA          G=DGROUP  M=GETDCWD    ACBP=48
 004D:A1D6 0000 C=DATA   S=_DATA          G=DGROUP  M=GETENV     ACBP=48
 004D:A1D6 0000 C=DATA   S=_DATA          G=DGROUP  M=LSEARCH    ACBP=48
 004D:A1D6 0000 C=DATA   S=_DATA          G=DGROUP  M=LTOA1      ACBP=48
 004D:A1D6 0000 C=DATA   S=_DATA          G=DGROUP  M=MEMCMP     ACBP=48
 004D:A1D6 0000 C=DATA   S=_DATA          G=DGROUP  M=MEMCPY     ACBP=48
 004D:A1D6 0000 C=DATA   S=_DATA          G=DGROUP  M=MEMSET     ACBP=48
 004D:A1D6 0000 C=DATA   S=_DATA          G=DGROUP  M=MOVMEM     ACBP=48
 004D:A1D6 0000 C=DATA   S=_DATA          G=DGROUP  M=OPEN       ACBP=48
 004D:A1D6 0000 C=DATA   S=_DATA          G=DGROUP  M=OPENA      ACBP=48
 004D:A1D6 02D3 C=DATA   S=_DATA          G=DGROUP  M=PERROR     ACBP=48
 004D:A4AA 0000 C=DATA   S=_DATA          G=DGROUP  M=PRINTF     ACBP=48
 004D:A4AA 0001 C=DATA   S=_DATA          G=DGROUP  M=PUTC       ACBP=48
 004D:A4AC 0000 C=DATA   S=_DATA          G=DGROUP  M=QSORT      ACBP=48
 004D:A4AC 0000 C=DATA   S=_DATA          G=DGROUP  M=READ       ACBP=48
 004D:A4AC 0000 C=DATA   S=_DATA          G=DGROUP  M=READU      ACBP=48
 004D:A4AC 0000 C=DATA   S=_DATA          G=DGROUP  M=RENAME     ACBP=48
 004D:A4AC 0004 C=DATA   S=_DATA          G=DGROUP  M=SETVBUF    ACBP=48
 004D:A4B0 0000 C=DATA   S=_DATA          G=DGROUP  M=SPLITPTH   ACBP=48
 004D:A4B0 0000 C=DATA   S=_DATA          G=DGROUP  M=SPRINTF    ACBP=48
 004D:A4B0 0000 C=DATA   S=_DATA          G=DGROUP  M=SSCANF     ACBP=48
 004D:A4B0 0004 C=DATA   S=_DATA          G=DGROUP  M=STAT       ACBP=48
 004D:A4B4 0000 C=DATA   S=_DATA          G=DGROUP  M=STRCAT     ACBP=48
 004D:A4B4 0000 C=DATA   S=_DATA          G=DGROUP  M=STRCMP     ACBP=48
 004D:A4B4 0000 C=DATA   S=_DATA          G=DGROUP  M=STRCPY     ACBP=48
 004D:A4B4 0000 C=DATA   S=_DATA          G=DGROUP  M=STRICMP    ACBP=48
 004D:A4B4 0000 C=DATA   S=_DATA          G=DGROUP  M=STRLEN     ACBP=48
 004D:A4B4 0000 C=DATA   S=_DATA          G=DGROUP  M=STRLWR     ACBP=48
 004D:A4B4 0000 C=DATA   S=_DATA          G=DGROUP  M=STRNCMP    ACBP=48
 004D:A4B4 0000 C=DATA   S=_DATA          G=DGROUP  M=STRNCPY    ACBP=48
 004D:A4B4 0000 C=DATA   S=_DATA          G=DGROUP  M=STRPBRK    ACBP=48
 004D:A4B4 0000 C=DATA   S=_DATA          G=DGROUP  M=STRRCHR    ACBP=48
 004D:A4B4 0000 C=DATA   S=_DATA          G=DGROUP  M=STRREV     ACBP=48
 004D:A4B4 0000 C=DATA   S=_DATA          G=DGROUP  M=STRSTR     ACBP=48
 004D:A4B4 0000 C=DATA   S=_DATA          G=DGROUP  M=STRUPR     ACBP=48
 004D:A4B4 0000 C=DATA   S=_DATA          G=DGROUP  M=SWAB       ACBP=48
 004D:A4B4 000C C=DATA   S=_DATA          G=DGROUP  M=TIMECVT    ACBP=48
 004D:A4C0 0004 C=DATA   S=_DATA          G=DGROUP  M=TMPFILE    ACBP=48
 004D:A4C4 0000 C=DATA   S=_DATA          G=DGROUP  M=TMPNAM     ACBP=48
 004D:A4C4 0033 C=DATA   S=_DATA          G=DGROUP  M=TZSET      ACBP=48
 004D:A4F8 0000 C=DATA   S=_DATA          G=DGROUP  M=WRITE      ACBP=48
 004D:A4F8 0000 C=DATA   S=_DATA          G=DGROUP  M=WRITEA     ACBP=48
 004D:A4F8 0000 C=DATA   S=_DATA          G=DGROUP  M=WRITEU     ACBP=48
 004D:A4F8 0000 C=DATA   S=_DATA          G=DGROUP  M=XFCLOSE    ACBP=48
 004D:A4F8 0000 C=DATA   S=_DATA          G=DGROUP  M=XFFLUSH    ACBP=48
 004D:A4F8 0000 C=DATA   S=_DATA          G=DGROUP  M=IOSTSTD    ACBP=48
 004D:A4F8 0000 C=DATA   S=_DATA          G=DGROUP  M=OSTENDL    ACBP=48
 004D:A4F8 0000 C=DATA   S=_DATA          G=DGROUP  M=OSTENDS    ACBP=48
 004D:A4F8 0000 C=DATA   S=_DATA          G=DGROUP  M=FSBCLOSE   ACBP=48
 004D:A4F8 002C C=DATA   S=_DATA          G=DGROUP  M=FSBCTR1    ACBP=48
 004D:A524 002C C=DATA   S=_DATA          G=DGROUP  M=FSBCTR2    ACBP=48
 004D:A550 002E C=DATA   S=_DATA          G=DGROUP  M=FSBDTR     ACBP=48
 004D:A57E 0000 C=DATA   S=_DATA          G=DGROUP  M=FSBOFLOW   ACBP=48
 004D:A57E 0000 C=DATA   S=_DATA          G=DGROUP  M=FSBOPEN    ACBP=48
 004D:A57E 0000 C=DATA   S=_DATA          G=DGROUP  M=FSBSBUF    ACBP=48
 004D:A57E 0000 C=DATA   S=_DATA          G=DGROUP  M=FSBSKOFF   ACBP=48
 004D:A57E 0000 C=DATA   S=_DATA          G=DGROUP  M=FSBSYNC    ACBP=48
 004D:A57E 0000 C=DATA   S=_DATA          G=DGROUP  M=FSBUFLOW   ACBP=48
 004D:A57E 0000 C=DATA   S=_DATA          G=DGROUP  M=FSCLOSE    ACBP=48
 004D:A57E 0008 C=DATA   S=_DATA          G=DGROUP  M=FSCTR2     ACBP=48
 004D:A586 0008 C=DATA   S=_DATA          G=DGROUP  M=FSDTR      ACBP=48
 004D:A58E 0000 C=DATA   S=_DATA          G=DGROUP  M=FSOPEN     ACBP=48
 004D:A58E 000C C=DATA   S=_DATA          G=DGROUP  M=IFSCTR2    ACBP=48
 004D:A59A 000C C=DATA   S=_DATA          G=DGROUP  M=IFSDTR     ACBP=48
 004D:A5A6 0010 C=DATA   S=_DATA          G=DGROUP  M=IOFSCTR2   ACBP=48
 004D:A5B6 0010 C=DATA   S=_DATA          G=DGROUP  M=IOFSDTR    ACBP=48
 004D:A5C6 0010 C=DATA   S=_DATA          G=DGROUP  M=IOSRCTR1   ACBP=48
 004D:A5D6 0010 C=DATA   S=_DATA          G=DGROUP  M=IOSRDTR    ACBP=48
 004D:A5E6 000C C=DATA   S=_DATA          G=DGROUP  M=IOSTCTR1   ACBP=48
 004D:A5F2 000C C=DATA   S=_DATA          G=DGROUP  M=IOSTCTR2   ACBP=48
 004D:A5FE 000C C=DATA   S=_DATA          G=DGROUP  M=IOSTDTR1   ACBP=48
 004D:A60A 0000 C=DATA   S=_DATA          G=DGROUP  M=ISTASN2    ACBP=48
 004D:A60A 0008 C=DATA   S=_DATA          G=DGROUP  M=ISTCTR1    ACBP=48
 004D:A612 0008 C=DATA   S=_DATA          G=DGROUP  M=ISTCTR4    ACBP=48
 004D:A61A 0000 C=DATA   S=_DATA          G=DGROUP  M=ISTDIPFX   ACBP=48
 004D:A61A 0008 C=DATA   S=_DATA          G=DGROUP  M=ISTDTR1    ACBP=48
 004D:A622 0008 C=DATA   S=_DATA          G=DGROUP  M=ISTDTR2    ACBP=48
 004D:A62A 0000 C=DATA   S=_DATA          G=DGROUP  M=ISTEATWH   ACBP=48
 004D:A62A 0000 C=DATA   S=_DATA          G=DGROUP  M=ISTGLINE   ACBP=48
 004D:A62A 0000 C=DATA   S=_DATA          G=DGROUP  M=ISTGSTR    ACBP=48
 004D:A62A 0000 C=DATA   S=_DATA          G=DGROUP  M=ISTREAD    ACBP=48
 004D:A62A 0000 C=DATA   S=_DATA          G=DGROUP  M=ISTSKPOS   ACBP=48
 004D:A62A 0000 C=DATA   S=_DATA          G=DGROUP  M=MNSETFLG   ACBP=48
 004D:A62A 0000 C=DATA   S=_DATA          G=DGROUP  M=MNSETW     ACBP=48
 004D:A62A 000C C=DATA   S=_DATA          G=DGROUP  M=OFSCTR2    ACBP=48
 004D:A636 000C C=DATA   S=_DATA          G=DGROUP  M=OFSDTR     ACBP=48
 004D:A642 000C C=DATA   S=_DATA          G=DGROUP  M=OSRCTR2    ACBP=48
 004D:A64E 000C C=DATA   S=_DATA          G=DGROUP  M=OSRDTR     ACBP=48
 004D:A65A 0000 C=DATA   S=_DATA          G=DGROUP  M=OSTASN2    ACBP=48
 004D:A65A 0008 C=DATA   S=_DATA          G=DGROUP  M=OSTCTR1    ACBP=48
 004D:A662 0008 C=DATA   S=_DATA          G=DGROUP  M=OSTCTR2    ACBP=48
 004D:A66A 0008 C=DATA   S=_DATA          G=DGROUP  M=OSTCTR3    ACBP=48
 004D:A672 0008 C=DATA   S=_DATA          G=DGROUP  M=OSTDTR1    ACBP=48
 004D:A67A 0008 C=DATA   S=_DATA          G=DGROUP  M=OSTDTR2    ACBP=48
 004D:A682 0000 C=DATA   S=_DATA          G=DGROUP  M=OSTFLUSH   ACBP=48
 004D:A682 0036 C=DATA   S=_DATA          G=DGROUP  M=OSTINT     ACBP=48
 004D:A6B8 0000 C=DATA   S=_DATA          G=DGROUP  M=OSTISCHR   ACBP=48
 004D:A6B8 0000 C=DATA   S=_DATA          G=DGROUP  M=OSTOPFX    ACBP=48
 004D:A6B8 0000 C=DATA   S=_DATA          G=DGROUP  M=OSTOSFX    ACBP=48
 004D:A6B8 0000 C=DATA   S=_DATA          G=DGROUP  M=OSTOUTST   ACBP=48
 004D:A6B8 0000 C=DATA   S=_DATA          G=DGROUP  M=OSTWRITE   ACBP=48
 004D:A6B8 002C C=DATA   S=_DATA          G=DGROUP  M=SRBCTR1    ACBP=48
 004D:A6E4 0000 C=DATA   S=_DATA          G=DGROUP  M=SRBDALC    ACBP=48
 004D:A6E4 002C C=DATA   S=_DATA          G=DGROUP  M=SRBDTR     ACBP=48
 004D:A710 0000 C=DATA   S=_DATA          G=DGROUP  M=SRBFREEZ   ACBP=48
 004D:A710 0000 C=DATA   S=_DATA          G=DGROUP  M=SRBOFLOW   ACBP=48
 004D:A710 0000 C=DATA   S=_DATA          G=DGROUP  M=SRBSBUF    ACBP=48
 004D:A710 0000 C=DATA   S=_DATA          G=DGROUP  M=SRBSKOFF   ACBP=48
 004D:A710 0000 C=DATA   S=_DATA          G=DGROUP  M=SRBSTR     ACBP=48
 004D:A710 0000 C=DATA   S=_DATA          G=DGROUP  M=SRBSYNC    ACBP=48
 004D:A710 0000 C=DATA   S=_DATA          G=DGROUP  M=SRBUFLOW   ACBP=48
 004D:A710 0008 C=DATA   S=_DATA          G=DGROUP  M=SRCTR2     ACBP=48
 004D:A718 0008 C=DATA   S=_DATA          G=DGROUP  M=SRDTR      ACBP=48
 004D:A720 0000 C=DATA   S=_DATA          G=DGROUP  M=STBALC     ACBP=48
 004D:A720 002C C=DATA   S=_DATA          G=DGROUP  M=STBCTR1    ACBP=48
 004D:A74C 0000 C=DATA   S=_DATA          G=DGROUP  M=STBDSGTN   ACBP=48
 004D:A74C 0000 C=DATA   S=_DATA          G=DGROUP  M=STBDSPTN   ACBP=48
 004D:A74C 002C C=DATA   S=_DATA          G=DGROUP  M=STBDTR     ACBP=48
 004D:A778 0000 C=DATA   S=_DATA          G=DGROUP  M=STBOFLOW   ACBP=48
 004D:A778 0000 C=DATA   S=_DATA          G=DGROUP  M=STBPBFL    ACBP=48
 004D:A778 0000 C=DATA   S=_DATA          G=DGROUP  M=STBSBUF    ACBP=48
 004D:A778 0000 C=DATA   S=_DATA          G=DGROUP  M=STBSETB    ACBP=48
 004D:A778 0000 C=DATA   S=_DATA          G=DGROUP  M=STBSETG    ACBP=48
 004D:A778 0000 C=DATA   S=_DATA          G=DGROUP  M=STBSETP    ACBP=48
 004D:A778 0000 C=DATA   S=_DATA          G=DGROUP  M=STBSKOFF   ACBP=48
 004D:A778 0000 C=DATA   S=_DATA          G=DGROUP  M=STBSKPOS   ACBP=48
 004D:A778 0000 C=DATA   S=_DATA          G=DGROUP  M=STBSPUTN   ACBP=48
 004D:A778 0000 C=DATA   S=_DATA          G=DGROUP  M=STBSYNC    ACBP=48
 004D:A778 0000 C=DATA   S=_DATA          G=DGROUP  M=STBUFLOW   ACBP=48
 004D:A778 0000 C=DATA   S=_DATA          G=DGROUP  M=STCLEAR    ACBP=48
 004D:A778 0004 C=DATA   S=_DATA          G=DGROUP  M=STCTR1     ACBP=48
 004D:A77C 0016 C=DATA   S=_DATA          G=DGROUP  M=STDTR      ACBP=48
 004D:A792 0000 C=DATA   S=_DATA          G=DGROUP  M=STINIT     ACBP=48
 004D:A792 0000 C=DATA   S=_DATA          G=DGROUP  M=STSETF1    ACBP=48
 004D:A792 0000 C=DATA   S=_DATA          G=DGROUP  M=STSETST    ACBP=48
 004D:A792 0000 C=DATA   S=_DATA          G=DGROUP  M=STTIE      ACBP=48
 004D:A792 0012 C=DATA   S=_DATA          G=DGROUP  M=SETARGV    ACBP=48
 004D:A7A4 0000 C=DATA   S=_DATA          G=DGROUP  M=SEGHEAP    ACBP=48
[...]
 0045:1772       Collection::hasMember(Object far&) const
 0045:17F2       Object::~Object()
 0045:1820       Container::~Container()
 0045:184C       Collection::~Collection()
 0045:1878       Collection::findMember(Object far&) const
 0045:1980       Container::forEach(void(far*)(Object far&,void far*),void far*)
 0045:1A0B       Container::firstThat(int(far*)(const Object far&,void far*),void far*) const
 0045:1B38       Container::lastThat(int(far*)(const Object far&,void far*),void far*) const
 0045:1C58       Container::isEqual(const Object far&) const
 0045:1DBA       Container::printOn(ostream far&) const
 0045:1ECB       Container::hashValue() const
 0045:1EF8       Container::printHeader(ostream far&) const
 0045:1F44       Container::printSeparator(ostream far&) const
 0045:1F5F       Container::printTrailer(ostream far&) const
 0046:0000 idle  BaseMemBlocks::allocBlock(unsigned int)
 0046:00C6       BaseMemBlocks::freeTo(unsigned int)
 0046:011C       MemStack::allocate(unsigned int)
 0046:0194       ClassLib_error(ClassLib_errors,char far*)
 0046:02C0       Error::~Error()
 0046:02EC       Error::isA() const
 0046:02F6       Error::nameOf() const
 0046:0302       Error::hashValue() const
 0046:030B       Error::isEqual(const Object far&) const
 0046:0315       Error::printOn(ostream far&) const
 0046:035B       String::String(const char far*)
 0046:03F1       String::String(const String far&)
 0046:0474       String::isEqual(const Object far&) const
 0046:04B4       String::isLessThan(const Object far&) const
 0046:04E4       String::hashValue() const
 0046:0512       String::printOn(ostream far&) const
 0046:0541       String::operator =(const String far&)
 0046:061F       Sortable::~Sortable()
 004D:0000 idle  DATASEG@
 004D:005B       BCC286_EXE
 004D:005D idle  __Int0Vector
 004D:0061 idle  __Int4Vector
 004D:0065 idle  __Int5Vector
 004D:0069 idle  __Int6Vector
 004D:006D       __C0argc
 004D:006F       __C0argv
 004D:0073       __C0environ
 004D:0077 idle  __CSalias
 004D:0079       __envLng
 004D:007B       __envseg
 004D:007D       __envSize
 004D:007F       __psp
 004D:0081 idle  __osversion
 004D:0081       __osmajor
 004D:0081       __version
 004D:0082 idle  __osminor
 004D:0083       _errno
 004D:0085 idle  __StartTime
 004D:0089 idle  ___brklvl
 004D:008B idle  __heapbase
 004D:008F idle  __brklvl
 004D:0093 idle  __heaptop
 004D:0098 idle  _g_SHORT_APP_ENG
 004D:009C idle  _g_LONG_APP_ENG
 004D:00A0 idle  _g_SHORT_APP_NAME
 004D:00A4 idle  _g_LONG_APP_NAME
 004D:0205       BI_DoubleListBlockInitializer<CALC::TOKEN>::count
 004D:0207       BI_DoubleListElement<CALC::TOKEN>::mgr
 004D:020B       BI_ListBlockInitializer<CALC::TOKEN>::count
 004D:020D       BI_ListElement<CALC::TOKEN>::mgr
 004D:0211       BI_ListImp<CALC::TOKEN>::
 004D:021D       BI_DoubleListImp<CALC::TOKEN>::
 004D:022E idle  CALENDAR::calendarEvent
 004D:0273       __hollydayPalette
 004D:0286       __weekendPalette
 004D:0326       days_of_month::
 004D:0346       ui_date::
 004D:034A       calendar::
 004D:0376 idle  __DEF_TAR_FMT
 004D:037A       __COM_FMT
 004D:10A4       BI_DoubleListBlockInitializer<String>::count
 004D:10A6       BI_DoubleListElement<String>::mgr
 004D:10AA       String::
 004D:10DA       BI_DoubleListImp<String>::
 004D:10E6       _g_cfg
 004D:10EA       _g_phEngine
 004D:10EE       _g_spooler
 004D:10F2       _g_ssaver
 004D:10F6       _g_dbEngine
 004D:10FA       _g_extAreChangeable
 004D:10FC       CONTROLLER::RTEngine
 004D:1100       CONTROLLER::Receipts
 004D:1104 idle  CONTROLLER::PRNReceipts
 004D:110C       CONTROLLER::manualInfo
 004D:1110       CONTROLLER::View
 004D:1118 idle  CONTROLLER::OldGPFHandler
 004D:111C       __exceptionIsOn
 004D:1417       ui_time::
 004D:141B       controller::
 004D:142C       _CSTR_ACTIVATE
 004D:1430       _CSTR_BAD_EXT
 004D:1434       _CSTR_BAD_RANGE
 004D:1438       _CSTR_DEACTIVATE
 004D:143C       _CSTR_CANCEL
 004D:1440       _CSTR_CRITICAL
 004D:1444       _CSTR_CLOSE
 004D:1448       _CSTR_EMPTY
 004D:144C idle  _CSTR_ERROR
 004D:1450 idle  _CSTR_OK
 004D:1454 idle  _CSTR_PLEASE
 004D:1458 idle  _CSTR_PRINT
 004D:145C idle  _CSTR_PRINTING
 004D:1460 idle  _CSTR_PROCESSING
 004D:1464 idle  _CSTR_WAIT
 004D:177C       ui_bignum::
 004D:1A85       DBView::
 004D:1AB2 idle  dongle::in_port
 004D:1AB4 idle  dongle::ctrl_port
 004D:1AB6 idle  dongle::size
 004D:1AE6       db_storage::magic_number
 004D:1AE8       db_storage::max_receipts
 004D:1B38 idle  eeprom::in_port
 004D:1B3A idle  eeprom::out_port
 004D:1B3C idle  eeprom::max_len
 004D:25D6       e_parameters::
 004D:2602       e_accum::
 004D:262E       e_account::
 004D:265A       _g_superAppInfo
 004D:26DE idle  _LOG_FILENAME
 004D:2F30       uiw_change_passwd::
 004D:2F5C       uiw_pport::
 004D:2F88       uiw_p_port::
 004D:2FB4       uiw_s_port::
 004D:2FE0       uiw_round::
 004D:300C       uiw_display::
 004D:3038       uiw_cash::
 004D:3064       uiw_alias::
 004D:3090       uiw_new_country::
 004D:30BC       uiw_new_city::
 004D:30E8       uiw_inter_tar::
 004D:3114       uiw_nal_tar::
 004D:3140       uiw_lock_num::
 004D:316C       uiw_signal::
 004D:3198       uiw_times::
 004D:31C4       uiw_time_date::
 004D:331F       uiw_dump::
 004D:334B       uiw_simula::
 004D:3378 idle  _MD_AUTHORS
 004D:337C idle  _DEV_AUTHORS
 004D:34AB       uiw_about::
 004D:3661       uiw_password::
 004D:368D       uiw_alarm::
 004D:36B9       uiw_op_id::
 004D:36E5       uiw_sys_info::
 004D:38B9       uiw_adm_rec::
 004D:38E5       uiw_footer::
 004D:3911       uiw_print_area::
 004D:393D       uiw_iprint::
 004D:3969       uiw_zprint::
 004D:3995       uiw_saccum::
 004D:39C2 idle  RTReceiptQueueMutex::s_mutex
 004D:39C4 idle  RTBoothClustersMutex::s_mutex
 004D:39C7       BI_ListBlockInitializer<char>::count
 004D:39C9       BI_ListElement<char>::mgr
 004D:39CD       BI_ListImp<char>::
 004D:3B67       BI_ListBlockInitializer<PH_ENGINE::PLACE_ENTRY>::count
 004D:3B69       BI_ListElement<PH_ENGINE::PLACE_ENTRY>::mgr
 004D:3B6D       BI_ListImp<PH_ENGINE::PLACE_ENTRY>::
 004D:3B79       BI_SListImp<PH_ENGINE::PLACE_ENTRY>::
 004D:3BDF       PhoneQueryWindow::
 004D:42F1       plain_printout::
 004D:4500       UI_WINDOW_OBJECT::userTable
 004D:45DC       UI_WINDOW_OBJECT::objectTable
 004D:4662       RT_ENGINE::pThis
 004D:4668       RT_ENGINE::OldRealIV08h
 004D:466C       RT_ENGINE::OldProtIV08h
 004D:4674       RT_ENGINE::OldRealIV09h
 004D:4678       RT_ENGINE::OldProtIV09h
 004D:4682       RT_ENGINE::OldRealIV23h
 004D:4686       RT_ENGINE::OldProtIV23h
 004D:468A       RT_ENGINE::OldRealIV1Bh
 004D:468E       RT_ENGINE::OldProtIV1Bh
 004D:4692       RT_ENGINE::OldRealIV24h
 004D:4696       RT_ENGINE::OldProtIV24h
 004D:469E idle  SERIAL::OldSerialIV
 004D:46A2 idle  SERIAL::Buffer
 004D:46A6 idle  SERIAL::BufLen
 004D:46A8 idle  SERIAL::BufStart
 004D:46AA idle  SERIAL::BufEnd
 004D:46AC idle  SERIAL::Port
 004D:46AE idle  SERIAL::PortBase
 004D:46B0       SERIAL::Installed
 004D:46B2       _SID_ACTIVE
 004D:46B6       _SID_AMOUNT
 004D:46BA idle  _SID_ADM
 004D:46BE idle  _SID_ANOTHER
 004D:46C2 idle  _SID_ANSWER
 004D:46C6       _SID_ARCHIVE
 004D:46CA       _SID_AVAIL
 004D:46CE       _SID_BOOTH
 004D:46D2       _SID_BORDER
 004D:46D6       _SID_CALLS
 004D:46DA       _SID_CANCEL
 004D:46DE       _SID_CELLULAR
 004D:46E2       _SID_CHARGES
 004D:46E6 idle  _SID_CLOSE
 004D:46EA idle  _SID_CONFIG
 004D:46EE idle  _SID_CONNECT
 004D:46F2 idle  _SID_CONSOLE
 004D:46F6       _SID_COST
 004D:46FA       _SID_CREDITS
 004D:46FE       _SID_DEBITS
 004D:4702 idle  _SID_DISABLE
 004D:4706       _SID_DISCOUNT
 004D:470A       _SID_ENABLE
 004D:470E idle  _SID_FILENAME
 004D:4712       _SID_FIRST
 004D:4716       _SID_FROM
 004D:471A       _SID_INTER
 004D:471E       _SID_I_AMOUNT
 004D:4722       _SID_I_COST
 004D:4726       _SID_I_TAX
 004D:472A       _SID_INSTALL
 004D:472E       _SID_LAST
 004D:4732       _SID_LINE
 004D:4736       _SID_LOCAL
 004D:473A idle  _SID_MSG
 004D:473E       _SID_MESSAGE
 004D:4742       _SID_MIN
 004D:4746       _SID_NAL
 004D:474A       _SID_NAME
 004D:474E       _SID_N_AMOUNT
 004D:4752       _SID_N_COST
 004D:4756       _SID_N_TAX
 004D:475A       _SID_OK
 004D:475E       _SID_OTHERS
 004D:4762 idle  _SID_PATH
 004D:4766 idle  _SID_PHONE
 004D:476A       _SID_PRINT
 004D:476E       _SID_PR_RECS
 004D:4772       _SID_RANGE
 004D:4776 idle  _SID_RECEIPTS
 004D:477A idle  _SID_RECEIVE
 004D:477E       _SID_REMAINDER
 004D:4782 idle  _SID_REMOTE
 004D:4786 idle  _SID_SEND
 004D:478A       _SID_SHOW
 004D:478E       _SID_SPECIAL
 004D:4792 idle  _SID_SPLASH
 004D:4796       _SID_TAX
 004D:479A       _SID_TAX_NAME
 004D:479E idle  _SID_TEXT
 004D:47A2       _SID_TO
 004D:47A6       _SID_TOTAL
 004D:47AA idle  _SID_VIEW
 004D:494C idle  SPOOLER::PrintfBuffer
 004D:4961       spooler::
 004D:49A6       ssaver::
 004D:49CC idle  ___doubleZero
 004D:4CFC       uiw_forms::
 004D:4D28       uiw_operation::
 004D:4D96 idle  UIW_MANUAL::BoothNum
 004D:4E5E       uiw_manual::
 004D:4E8A       UIW_RECEIPT::Number
 004D:4E8E       UIW_RECEIPT::Booth
 004D:4EF3       uiw_accum::
 004D:4F1F       uiw_receipt::
 004D:4F4C idle  UIW_SP_SERV::WService
 004D:4F50 idle  UIW_SP_SERV::WInt1
 004D:4F54 idle  UIW_SP_SERV::WInt2
 004D:4F58 idle  UIW_SP_SERV::WBig1
 004D:4F5C idle  UIW_SP_SERV::WBig2
 004D:4F60 idle  UIW_SP_SERV::WBig3
 004D:4F64 idle  UIW_SP_SERV::WBig4
 004D:4F68 idle  UIW_SP_SERV::WStr1
 004D:4F6C idle  UIW_SP_SERV::WStr2
 004D:4F70 idle  UIW_SP_SERV::WPhone
 004D:4F74 idle  UIW_SP_SERV::WPrint
 004D:5170       uiw_sp_serv::
 004D:5296       uiw_lock::
 004D:52C2       uiw_inter::
 004D:52EE       uiw_spy::
 004D:5331       uiw_calc::
 004D:535E       TraceInfo::s_bTest
 004D:5360       TraceInfo::s_bDevelopment
 004D:5362       TraceInfo::s_nSemWait
 004D:5364       TraceInfo::s_nAvailableRAM
 004D:5368       TraceInfo::s_nPass
 004D:5468       UIW_VIEW::States
 004D:5A64       uiw_gbutton::
 004D:5A84       uiw_sgroup::
 004D:5AB0       uiw_tbutton::
 004D:5AD0       uiw_view::
 004D:5C94       UIW_VIEW::HelpInfo
 004D:6050       uiw_phone::
 004D:6096       UIW_STAT_BAR::HelpInfo
 004D:60C6       uiw_stat_bar::
 004D:60E6       uiw_table::
 004D:6112       uid_keyboard::
 004D:6880 idle  __mouseTable
 004D:68BC       uid_mouse::
 004D:6AF8       uiw_scroll_button::
 004D:6B1A idle  __genericSystemMenu
 004D:6B1E idle  __genericMDIChildSystemMenu
 004D:6B22 idle  __genericSystemMenuCount
 004D:6B24 idle  __genericMDIChildSystemMenuCount
 004D:6BDE       UI_WINDOW_OBJECT::pasteBuffer
 004D:6BE2       UI_WINDOW_OBJECT::pasteLength
 004D:6C8C       ui_list::
 004D:6C94       ui_element::
 004D:6C9C       ui_list_block::
 004D:6CA4       UI_INTERNATIONAL::initialized
 004D:6CA6       UI_INTERNATIONAL::countryCode
 004D:6CA8       UI_INTERNATIONAL::languageName
 004D:6CE8       UI_INTERNATIONAL::localeName
 004D:6D28       UI_INTERNATIONAL::decimalSeparator
 004D:6D2C       UI_INTERNATIONAL::monDecimalSeparator
 004D:6D30       UI_INTERNATIONAL::thousandsSeparator
 004D:6D34       UI_INTERNATIONAL::monThousandsSeparator
 004D:6D38       UI_INTERNATIONAL::grouping
 004D:6D42       UI_INTERNATIONAL::monGrouping
 004D:6D4C       UI_INTERNATIONAL::currencySymbol
 004D:6D54       UI_INTERNATIONAL::intCurrencySymbol
 004D:6D5C       UI_INTERNATIONAL::posCurrencyPrecedes
 004D:6D5E       UI_INTERNATIONAL::negCurrencyPrecedes
 004D:6D60       UI_INTERNATIONAL::fractionDigits
 004D:6D62       UI_INTERNATIONAL::intFractionDigits
 004D:6D64       UI_INTERNATIONAL::positiveSign
 004D:6D68       UI_INTERNATIONAL::posSignPrecedes
 004D:6D6A       UI_INTERNATIONAL::posSpaceSeparation
 004D:6D6C       UI_INTERNATIONAL::negativeSign
 004D:6D70       UI_INTERNATIONAL::negSignPrecedes
 004D:6D72       UI_INTERNATIONAL::negSpaceSeparation
 004D:6D74       UI_INTERNATIONAL::dateFormat
 004D:6D76       UI_INTERNATIONAL::dateSeparator
 004D:6D7A       UI_INTERNATIONAL::timeFormat
 004D:6D7C       UI_INTERNATIONAL::timeSeparator
 004D:6D80       _codeMap
 004D:71F2       ui_region_list::
 004D:71FA       ui_region_element::
 004D:7202       ui_display::
 004D:7256 idle  __path
 004D:7269       ui_path::
 004D:7271       ui_path_element::
 004D:733C       ui_device::
 004D:734C       uid_cursor::
 004D:735E       ui_queue_block::
 004D:7366       ui_queue_element::
 004D:736E       ui_event_manager::
 004D:738F       uiw_border::
 004D:73E7       uiw_button::
 004D:740A       uiw_combo_string::
 004D:742A       uiw_combo_button::
 004D:744A       uiw_combo_box::
 004D:7476       uiw_date::
 004D:7496       uiw_group::
 004D:74EF       uiw_icon::
 004D:751F       uiw_integer::
 004D:754F       uiw_minimize_button::
 004D:757F       uiw_maximize_button::
 004D:75A0       uiw_bignum::
 004D:75C0       uiw_scroll_bar::
 004D:75EF       uiw_string::
 004D:761D       uiw_system_button::
 004D:763F       uiw_text::
 004D:766C       uiw_time::
 004D:7699       uiw_title::
 004D:76BA       uiw_pop_up_menu::
 004D:76E6       uiw_pop_up_item::
 004D:7706       uiw_pull_down_menu::
 004D:7732       uiw_pull_down_item::
 004D:7752       uiw_prompt::
 004D:7772       uiw_tool_bar::
 004D:77AE       uiw_real::
 004D:77CE       uiw_vt_list::
 004D:77FA       UI_WINDOW_MANAGER::currentScreenID
 004D:77FE       ui_window_manager::
 004D:7906       uiw_window::
 004D:7954       ui_window_object::
 004D:797A       ui_error_system::
 004D:7999       ui_help_system::
 004D:79A2 idle  UIW_BIGNUM::rangeFlags
 004D:79C8       UIW_BIGNUM::errorTable
 004D:7A0C       UIW_BORDER::width
 004D:7A6E       UI_DATE::monthTable
 004D:7AAA       UI_DATE::dayTable
 004D:7B9C       UIW_DATE::rangeFlags
 004D:7BE6       UIW_DATE::errorTable
 004D:7CB8       UI_DEVICE::altState
 004D:7CBA       UI_DEVICE::display
 004D:7CBE       UI_DEVICE::eventManager
 004D:7CC2       UID_CURSOR::blinkRate
 004D:7CC4       UID_KEYBOARD::breakHandlerSet
 004D:7CC6       _mouseQueueEvent
 004D:7E20       UI_DISPLAY::backgroundPalette
 004D:7E24       UI_DISPLAY::xorPalette
 004D:7E28       UI_DISPLAY::colorMap
 004D:7E38 idle  UI_APPLICATION::textSwitches
 004D:821A       __eventMapTable
 004D:83F4       __hotKeyMapTable
 004D:84F5       __errorPaletteMapTable
 004D:8505       UI_ERROR_SYSTEM::errorPrompts
 004D:8511       UI_ERROR_SYSTEM::statusPrompts
 004D:8658       __helpPaletteMapTable
 004D:8668       UI_HELP_SYSTEM::helpPrompts
 004D:8AA8       __normalPaletteMapTable
 004D:8AAC       UI_STORAGE::cacheSize
 004D:8AAE       UI_STORAGE::searchPath
 004D:8ABC       UI_TIME::amPtr
 004D:8AC0       UI_TIME::pmPtr
 004D:8AC4       UIW_TIME::rangeFlags
 004D:8AF6       UIW_TIME::errorTable
 004D:8B68       UI_WINDOW_OBJECT::repeatRate
 004D:8B6A       UI_WINDOW_OBJECT::doubleClickRate
 004D:8B6C       UI_WINDOW_OBJECT::defaultStatus
 004D:8B6E       UI_WINDOW_OBJECT::display
 004D:8B72       UI_WINDOW_OBJECT::eventManager
 004D:8B76       UI_WINDOW_OBJECT::windowManager
 004D:8B7A       UI_WINDOW_OBJECT::defaultStorage
 004D:8B7E       UI_WINDOW_OBJECT::errorSystem
 004D:8B82       UI_WINDOW_OBJECT::helpSystem
 004D:8BA2       UIW_SYSTEM_BUTTON::sysPrompts
 004D:8C0A       UIW_INTEGER::errorTable
 004D:8C72       UIW_REAL::errorTable
 004D:8CC0 idle  __iCornerUL
 004D:8CC2 idle  __iCornerUR
 004D:8CC4 idle  __iCornerLL
 004D:8CC6 idle  __iCornerLR
 004D:8CC8 idle  __iHorizontal
 004D:8CCA idle  __iVertical
 004D:8CCC       __iLowerBox
 004D:8CCD       __iUpperBox
 004D:8CCE       __iFullBox
 004D:8CCF       __iSBMiddleArrow
 004D:8CD3       __iSBUpArrow
 004D:8CD7       __iSBDownArrow
 004D:8CDB       __iSBLeftArrow
 004D:8CDF       __iSBRightArrow
 004D:8CE3       __iWDownArrow
 004D:8CE7       __iWNormalMin
 004D:8CEB       __iWMinimized
 004D:8CEF       __iWNormalMax
 004D:8CF3       __iWMaximized
 004D:8CF7       __iActiveCheck
 004D:8CFB       __iInactiveCheck
 004D:8CFF       __iActiveRadio
 004D:8D03       __iInactiveRadio
 004D:8D07       __iCheckMark
 004D:8E62 idle  UI_GRAPHICS_DISPLAY::fontTable
 004D:8E9E idle  UI_GRAPHICS_DISPLAY::patternTable
 004D:8F44       ui_graphics_display::
 004D:9024       __gfx_chip_type
 004D:9026 idle  __gfx_pat
 004D:9042 idle  __gfx_video_aspect_ratio
 004D:9046       __gfx
 004D:910E idle  __view_cb
 004D:92EA idle  _gfx_crsr
 004D:92EE idle  ___gfx_clip_drawline
 004D:9300 idle  __gfx_oval
 004D:9354 idle  __gfx_n_quad_table
 004D:9506 idle  _VESA_bios
 004D:9596 idle  _VESA_res
 004D:95E4 idle  _grey_rgb
 004D:9630 idle  _x16
 004D:9674 idle  _gfx_line_attr
 004D:9708 idle  _gfx_loaded_fonts
 004D:9788 idle  _gfx_fonts_are_loaded
 004D:978A idle  _curr_font_handle
 004D:9AF0       __0med_res_color_mask
 004D:9AF4       __0hi_res_color_mask
 004D:9AF6       __00xy_to_ram
 004D:9AF8       __0hi_res_pel_mask
 004D:9B00       __0med_res_pel_mask
 004D:9B0C       __lbitmask
 004D:9B15       __rbitmask
 004D:9B2A       _$set_256_page
 004D:9B2C       _$256_page_n
 004D:9B90       CopStatus
 004D:9B92 idle  __8087
 004D:9BA0       _Patch
 004D:9BE0       __protected
 004D:9BE1       __LDT
 004D:9BE4       __default87
 004D:9BE6 idle  __huge_flt
 004D:9BEA       __huge_dble
 004D:9BF2 idle  __huge_ldble
 004D:9BFC idle  __indefinite
 004D:9C00 idle  __tiny_ldble
 004D:9C0A       __mathwhy
 004D:9D9E       __atexitcnt
 004D:9DA0       __ctype
 004D:9EA2       __exitbuf
 004D:9EA6       __exitfopen
 004D:9EAA       __exitopen
 004D:9EAE       __streams
 004D:A03E       __nfile
 004D:A040       __openfd
 004D:A068       __fmode
 004D:A06A       __notUmask
 004D:A06C       __fpstklen
 004D:A132       __stklen
 004D:A19C       __wscroll
 004D:A1D0       __cFlag
 004D:A1D1       __cChar
 004D:A1D2       _environ
 004D:A1D6       _sys_errlist
 004D:A296 idle  _sys_nerr
 004D:A4C4       __monthDay
 004D:A4DE idle  _tzname
 004D:A4E6       _timezone
 004D:A4EA       _daylight
 004D:A550       filebuf::openprot
 004D:A77C       ios::basefield
 004D:A780       ios::adjustfield
 004D:A784       ios::floatfield
 004D:A788 idle  ios::nextbit
 004D:A78C idle  ios::usercount
 004D:A792 idle  __argc
 004D:A794       __argv
 004D:A7A4 idle  ___base
 004D:A7A8 idle  ___top
 004D:A7AA idle  ___size
 004D:A7AD idle  ___hincr
 004D:A7B1 idle  ___avl
 004D:AFB9 idle  __maxfarrealloc
 004D:AFBC       __video
 004D:AFCB       _directvideo
 004D:AFF0       __doserrno
 004D:AFF2 idle  __dosErrorToSV
 004D:B04C       ArrayIterator::
 004D:B064       ContainerIterator::
 004D:B07C       AbstractArray::
 004D:B0DC       Object::
 004D:B108       Container::
 004D:B150       Collection::
 004D:B1BC idle  _theErrorObject
 004D:B1BE       Object::ZERO
 004D:B70B       Error::
 004D:B741       Sortable::
 004D:B772       __RealCvtVector
 004D:B776       __ScanTodVector
 004D:B83C       _g_appInfo
 004D:B932 idle  PH_ENGINE::LockedNumbers
 004D:BBDE idle  SPOOLER::Buffers
 004D:C018       __dialogSize
 004D:C26E idle  _extended_8x8_font_ptr
 004D:C272 idle  _gfx_expand_fcn
 004D:C276 idle  _gfx_rotate_fcns
 004D:C27A idle  _font_crsr
 004D:C296 idle  __gfx_font
 004D:C2C2 idle  __gfx_workspace
 004D:C330 idle  _VGA_BIOS
 004D:C334 idle  __gfx_vmem_io
 004D:C456 idle  ___gfx_drawline_is_clipped
 004D:C45A idle  __gfx_cpt
 004D:C45E idle  ___gfx_scale_val
 004D:C460 idle  ___gfx_scale_points
 004D:C462 idle  __gfx_color_table
 004D:C466 idle  _rs_flog
 004D:C46A idle  _sg_dbl_val
 004D:C46E idle  _DRAW_flt_fcn
 004D:C472       __gfx_pm
 004D:C47A idle  _svga_card
 004D:C4A8 idle  __gfx_coor
 004D:C4B4       __gfx_cursor
 004D:C512 idle  __gfx_file_write_err
 004D:C514       __atexittbl
 004D:C5A2       __new_handler
 004D:C5A6       ___SignalPtr
 004D:C5B2       __tmpnum
 004D:C5BC idle  _cin
 004D:C5EA       _cout
 004D:C616 idle  _cerr
 004D:C642       _clog
 004D:C66E idle  ___stdin_streambuf
 004D:C672 idle  ___stdout_streambuf
 004D:C676 idle  ___stderr_streambuf
 004D:C67A idle  ios::stdioflush
 004E:0000       __emu


